C:\Freescale_BM_USB_Stack_v5.0\Src\output\twrk70f120m.gcc_arm\debug\usbh\bm\obj\adapter_bm.o
C:\Freescale_BM_USB_Stack_v5.0\Src\output\twrk70f120m.gcc_arm\debug\usbh\bm\obj\ehci_host.o
C:\Freescale_BM_USB_Stack_v5.0\Src\output\twrk70f120m.gcc_arm\debug\usbh\bm\obj\khci.o
C:\Freescale_BM_USB_Stack_v5.0\Src\output\twrk70f120m.gcc_arm\debug\usbh\bm\obj\usb_classes.o
C:\Freescale_BM_USB_Stack_v5.0\Src\output\twrk70f120m.gcc_arm\debug\usbh\bm\obj\usb_host.o
C:\Freescale_BM_USB_Stack_v5.0\Src\output\twrk70f120m.gcc_arm\debug\usbh\bm\obj\usb_host_audio.o
C:\Freescale_BM_USB_Stack_v5.0\Src\output\twrk70f120m.gcc_arm\debug\usbh\bm\obj\usb_host_audio_intf.o
C:\Freescale_BM_USB_Stack_v5.0\Src\output\twrk70f120m.gcc_arm\debug\usbh\bm\obj\usb_host_bsp.o
C:\Freescale_BM_USB_Stack_v5.0\Src\output\twrk70f120m.gcc_arm\debug\usbh\bm\obj\usb_host_cdc.o
C:\Freescale_BM_USB_Stack_v5.0\Src\output\twrk70f120m.gcc_arm\debug\usbh\bm\obj\usb_host_cdc_intf.o
C:\Freescale_BM_USB_Stack_v5.0\Src\output\twrk70f120m.gcc_arm\debug\usbh\bm\obj\usb_host_ch9.o
C:\Freescale_BM_USB_Stack_v5.0\Src\output\twrk70f120m.gcc_arm\debug\usbh\bm\obj\usb_host_common.o
C:\Freescale_BM_USB_Stack_v5.0\Src\output\twrk70f120m.gcc_arm\debug\usbh\bm\obj\usb_host_dev_mng.o
C:\Freescale_BM_USB_Stack_v5.0\Src\output\twrk70f120m.gcc_arm\debug\usbh\bm\obj\usb_host_hid.o
C:\Freescale_BM_USB_Stack_v5.0\Src\output\twrk70f120m.gcc_arm\debug\usbh\bm\obj\usb_host_hub.o
C:\Freescale_BM_USB_Stack_v5.0\Src\output\twrk70f120m.gcc_arm\debug\usbh\bm\obj\usb_host_hub_sm.o
C:\Freescale_BM_USB_Stack_v5.0\Src\output\twrk70f120m.gcc_arm\debug\usbh\bm\obj\usb_host_msd_bo.o
C:\Freescale_BM_USB_Stack_v5.0\Src\output\twrk70f120m.gcc_arm\debug\usbh\bm\obj\usb_host_msd_queue.o
C:\Freescale_BM_USB_Stack_v5.0\Src\output\twrk70f120m.gcc_arm\debug\usbh\bm\obj\usb_host_msd_ufi.o
C:\Freescale_BM_USB_Stack_v5.0\Src\output\twrk70f120m.gcc_arm\debug\usbh\bm\obj\usb_host_phdc.o
