Archive member included because of file (symbol)

C:/Freescale_BM_USB_Stack_v5.0/Src/output/twrk70f120m.gcc_arm/debug/usbh/bm/usbh.a(adapter_bm.o)
                              C:/Freescale_BM_USB_Stack_v5.0/Src/example/host/hid/mouse/bm/make/host_hid_mouse_twrk70f120m/gcc_arm/MK70FN1M0_HOST_Flash_debug/obj/hidmouse.o (OS_Event_create)
C:/Freescale_BM_USB_Stack_v5.0/Src/output/twrk70f120m.gcc_arm/debug/usbh/bm/usbh.a(usb_host.o)
                              C:/Freescale_BM_USB_Stack_v5.0/Src/example/host/hid/mouse/bm/make/host_hid_mouse_twrk70f120m/gcc_arm/MK70FN1M0_HOST_Flash_debug/obj/hidmouse.o (usb_host_init)
C:/Freescale_BM_USB_Stack_v5.0/Src/output/twrk70f120m.gcc_arm/debug/usbh/bm/usbh.a(usb_host_bsp.o)
                              C:/Freescale_BM_USB_Stack_v5.0/Src/output/twrk70f120m.gcc_arm/debug/usbh/bm/usbh.a(usb_host.o) (bsp_usb_host_init)
C:/Freescale_BM_USB_Stack_v5.0/Src/output/twrk70f120m.gcc_arm/debug/usbh/bm/usbh.a(usb_host_ch9.o)
                              C:/Freescale_BM_USB_Stack_v5.0/Src/output/twrk70f120m.gcc_arm/debug/usbh/bm/usbh.a(usb_host.o) (_usb_host_ch9_set_interface)
C:/Freescale_BM_USB_Stack_v5.0/Src/output/twrk70f120m.gcc_arm/debug/usbh/bm/usbh.a(usb_host_common.o)
                              C:/Freescale_BM_USB_Stack_v5.0/Src/output/twrk70f120m.gcc_arm/debug/usbh/bm/usbh.a(usb_host.o) (usb_hostdev_validate)
C:/Freescale_BM_USB_Stack_v5.0/Src/output/twrk70f120m.gcc_arm/debug/usbh/bm/usbh.a(usb_host_dev_mng.o)
                              C:/Freescale_BM_USB_Stack_v5.0/Src/output/twrk70f120m.gcc_arm/debug/usbh/bm/usbh.a(usb_host.o) (usb_host_dev_mng_get_host)
C:/Freescale_BM_USB_Stack_v5.0/Src/output/twrk70f120m.gcc_arm/debug/usbh/bm/usbh.a(usb_host_hid.o)
                              C:/Freescale_BM_USB_Stack_v5.0/Src/example/host/hid/mouse/bm/make/host_hid_mouse_twrk70f120m/gcc_arm/MK70FN1M0_HOST_Flash_debug/obj/hidmouse.o (usb_class_hid_recv_data)
C:/Freescale_BM_USB_Stack_v5.0/Src/output/twrk70f120m.gcc_arm/debug/usbh/bm/usbh.a(usb_host_hub_sm.o)
                              C:/Freescale_BM_USB_Stack_v5.0/Src/example/host/hid/mouse/bm/make/host_hid_mouse_twrk70f120m/gcc_arm/MK70FN1M0_HOST_Flash_debug/obj/hidmouse.o (usb_host_hub_device_event)
C:/Freescale_BM_USB_Stack_v5.0/Src/output/twrk70f120m.gcc_arm/debug/usbh/bm/usbh.a(ehci_host.o)
                              C:/Freescale_BM_USB_Stack_v5.0/Src/output/twrk70f120m.gcc_arm/debug/usbh/bm/usbh.a(usb_host.o) (_usb_ehci_host_api_table)
C:/Freescale_BM_USB_Stack_v5.0/Src/output/twrk70f120m.gcc_arm/debug/usbh/bm/usbh.a(khci.o)
                              C:/Freescale_BM_USB_Stack_v5.0/Src/output/twrk70f120m.gcc_arm/debug/usbh/bm/usbh.a(usb_host.o) (_usb_khci_host_api_table)
C:/Freescale_BM_USB_Stack_v5.0/Src/output/twrk70f120m.gcc_arm/debug/usbh/bm/usbh.a(usb_classes.o)
                              C:/Freescale_BM_USB_Stack_v5.0/Src/output/twrk70f120m.gcc_arm/debug/usbh/bm/usbh.a(usb_host_common.o) (class_interface_map)
C:/Freescale_BM_USB_Stack_v5.0/Src/output/twrk70f120m.gcc_arm/debug/usbh/bm/usbh.a(usb_host_audio_intf.o)
                              C:/Freescale_BM_USB_Stack_v5.0/Src/output/twrk70f120m.gcc_arm/debug/usbh/bm/usbh.a(usb_classes.o) (usb_class_audio_control_init)
C:/Freescale_BM_USB_Stack_v5.0/Src/output/twrk70f120m.gcc_arm/debug/usbh/bm/usbh.a(usb_host_cdc_intf.o)
                              C:/Freescale_BM_USB_Stack_v5.0/Src/output/twrk70f120m.gcc_arm/debug/usbh/bm/usbh.a(usb_classes.o) (usb_class_cdc_acm_init)
C:/Freescale_BM_USB_Stack_v5.0/Src/output/twrk70f120m.gcc_arm/debug/usbh/bm/usbh.a(usb_host_hub.o)
                              C:/Freescale_BM_USB_Stack_v5.0/Src/output/twrk70f120m.gcc_arm/debug/usbh/bm/usbh.a(usb_classes.o) (usb_class_hub_init)
C:/Freescale_BM_USB_Stack_v5.0/Src/output/twrk70f120m.gcc_arm/debug/usbh/bm/usbh.a(usb_host_msd_bo.o)
                              C:/Freescale_BM_USB_Stack_v5.0/Src/output/twrk70f120m.gcc_arm/debug/usbh/bm/usbh.a(usb_classes.o) (usb_class_mass_init)
C:/Freescale_BM_USB_Stack_v5.0/Src/output/twrk70f120m.gcc_arm/debug/usbh/bm/usbh.a(usb_host_msd_queue.o)
                              C:/Freescale_BM_USB_Stack_v5.0/Src/output/twrk70f120m.gcc_arm/debug/usbh/bm/usbh.a(usb_host_msd_bo.o) (usb_class_mass_q_init)
C:/Freescale_BM_USB_Stack_v5.0/Src/output/twrk70f120m.gcc_arm/debug/usbh/bm/usbh.a(usb_host_phdc.o)
                              C:/Freescale_BM_USB_Stack_v5.0/Src/output/twrk70f120m.gcc_arm/debug/usbh/bm/usbh.a(usb_classes.o) (usb_class_phdc_init)
C:/FREESC~1/CWMCUV~1.7/CROSS_~1/ARM-NO~1/arm-none-eabi/lib/armv7e-m/softfp/libc.a(lib_a-malloc.o)
                              C:/Freescale_BM_USB_Stack_v5.0/Src/example/host/hid/mouse/bm/make/host_hid_mouse_twrk70f120m/gcc_arm/MK70FN1M0_HOST_Flash_debug/obj/bmmsgq.o (malloc)
C:/FREESC~1/CWMCUV~1.7/CROSS_~1/ARM-NO~1/arm-none-eabi/lib/armv7e-m/softfp/libc.a(lib_a-mallocr.o)
[...]
Memory Configuration

Name             Origin             Length             Attributes
rom              0x00000000         0x00080000         xr
vectram          0x1fff0000         0x00000410         xrw
ram              0x1fff0410         0x0001fbf0         rw
*default*        0x00000000         0xffffffff

Linker script and memory map

LOAD C:/Freescale_BM_USB_Stack_v5.0/Src/example/host/hid/mouse/bm/make/host_hid_mouse_twrk70f120m/gcc_arm/MK70FN1M0_HOST_Flash_debug/obj/bmevent.o
LOAD C:/Freescale_BM_USB_Stack_v5.0/Src/example/host/hid/mouse/bm/make/host_hid_mouse_twrk70f120m/gcc_arm/MK70FN1M0_HOST_Flash_debug/obj/bmisr.o
LOAD C:/Freescale_BM_USB_Stack_v5.0/Src/example/host/hid/mouse/bm/make/host_hid_mouse_twrk70f120m/gcc_arm/MK70FN1M0_HOST_Flash_debug/obj/bmmsgq.o
LOAD C:/Freescale_BM_USB_Stack_v5.0/Src/example/host/hid/mouse/bm/make/host_hid_mouse_twrk70f120m/gcc_arm/MK70FN1M0_HOST_Flash_debug/obj/bmsem.o
LOAD C:/Freescale_BM_USB_Stack_v5.0/Src/example/host/hid/mouse/bm/make/host_hid_mouse_twrk70f120m/gcc_arm/MK70FN1M0_HOST_Flash_debug/obj/hidmouse.o
LOAD C:/Freescale_BM_USB_Stack_v5.0/Src/example/host/hid/mouse/bm/make/host_hid_mouse_twrk70f120m/gcc_arm/MK70FN1M0_HOST_Flash_debug/obj/init_gpio.o
LOAD C:/Freescale_BM_USB_Stack_v5.0/Src/example/host/hid/mouse/bm/make/host_hid_mouse_twrk70f120m/gcc_arm/MK70FN1M0_HOST_Flash_debug/obj/main_kinetis.o
LOAD C:/Freescale_BM_USB_Stack_v5.0/Src/example/host/hid/mouse/bm/make/host_hid_mouse_twrk70f120m/gcc_arm/MK70FN1M0_HOST_Flash_debug/obj/mem_util.o
LOAD C:/Freescale_BM_USB_Stack_v5.0/Src/example/host/hid/mouse/bm/make/host_hid_mouse_twrk70f120m/gcc_arm/MK70FN1M0_HOST_Flash_debug/obj/nvic.o
LOAD C:/Freescale_BM_USB_Stack_v5.0/Src/example/host/hid/mouse/bm/make/host_hid_mouse_twrk70f120m/gcc_arm/MK70FN1M0_HOST_Flash_debug/obj/pit_delay.o
LOAD C:/Freescale_BM_USB_Stack_v5.0/Src/example/host/hid/mouse/bm/make/host_hid_mouse_twrk70f120m/gcc_arm/MK70FN1M0_HOST_Flash_debug/obj/poll.o
LOAD C:/Freescale_BM_USB_Stack_v5.0/Src/example/host/hid/mouse/bm/make/host_hid_mouse_twrk70f120m/gcc_arm/MK70FN1M0_HOST_Flash_debug/obj/printf.o
LOAD C:/Freescale_BM_USB_Stack_v5.0/Src/example/host/hid/mouse/bm/make/host_hid_mouse_twrk70f120m/gcc_arm/MK70FN1M0_HOST_Flash_debug/obj/rtc_kinetis.o
LOAD C:/Freescale_BM_USB_Stack_v5.0/Src/example/host/hid/mouse/bm/make/host_hid_mouse_twrk70f120m/gcc_arm/MK70FN1M0_HOST_Flash_debug/obj/sci.o
LOAD C:/Freescale_BM_USB_Stack_v5.0/Src/example/host/hid/mouse/bm/make/host_hid_mouse_twrk70f120m/gcc_arm/MK70FN1M0_HOST_Flash_debug/obj/soc_init.o
LOAD C:/Freescale_BM_USB_Stack_v5.0/Src/example/host/hid/mouse/bm/make/host_hid_mouse_twrk70f120m/gcc_arm/MK70FN1M0_HOST_Flash_debug/obj/soc_isr.o
LOAD C:/Freescale_BM_USB_Stack_v5.0/Src/example/host/hid/mouse/bm/make/host_hid_mouse_twrk70f120m/gcc_arm/MK70FN1M0_HOST_Flash_debug/obj/soc_pit.o
LOAD C:/Freescale_BM_USB_Stack_v5.0/Src/example/host/hid/mouse/bm/make/host_hid_mouse_twrk70f120m/gcc_arm/MK70FN1M0_HOST_Flash_debug/obj/soc_sci.o
LOAD C:/Freescale_BM_USB_Stack_v5.0/Src/example/host/hid/mouse/bm/make/host_hid_mouse_twrk70f120m/gcc_arm/MK70FN1M0_HOST_Flash_debug/obj/soc_usb.o
LOAD C:/Freescale_BM_USB_Stack_v5.0/Src/example/host/hid/mouse/bm/make/host_hid_mouse_twrk70f120m/gcc_arm/MK70FN1M0_HOST_Flash_debug/obj/startup.o
LOAD C:/Freescale_BM_USB_Stack_v5.0/Src/example/host/hid/mouse/bm/make/host_hid_mouse_twrk70f120m/gcc_arm/MK70FN1M0_HOST_Flash_debug/obj/startup_MK70FN1M012.o
LOAD C:/Freescale_BM_USB_Stack_v5.0/Src/example/host/hid/mouse/bm/make/host_hid_mouse_twrk70f120m/gcc_arm/MK70FN1M0_HOST_Flash_debug/obj/system_MK70FN1M012.o
LOAD C:/Freescale_BM_USB_Stack_v5.0/Src/example/host/hid/mouse/bm/make/host_hid_mouse_twrk70f120m/gcc_arm/MK70FN1M0_HOST_Flash_debug/obj/wdt_kinetis.o
START GROUP
LOAD C:/Freescale_BM_USB_Stack_v5.0/Src/output/twrk70f120m.gcc_arm/debug/usbh/bm/usbh.a
LOAD C:/FREESC~1/CWMCUV~1.7/CROSS_~1/ARM-NO~1/lib/gcc/arm-none-eabi/4.7.3/armv7e-m/softfp/libgcc.a
LOAD C:/FREESC~1/CWMCUV~1.7/CROSS_~1/ARM-NO~1/arm-none-eabi/lib/armv7e-m/softfp/libc.a
LOAD C:/FREESC~1/CWMCUV~1.7/CROSS_~1/ARM-NO~1/arm-none-eabi/lib/armv7e-m/softfp/libsupc++.a
LOAD C:/FREESC~1/CWMCUV~1.7/CROSS_~1/ARM-NO~1/arm-none-eabi/lib/armv7e-m/softfp/libm.a
LOAD C:/FREESC~1/CWMCUV~1.7/CROSS_~1/ARM-NO~1/arm-none-eabi/lib/armv7e-m/softfp/libnosys.a
END GROUP
                0x1fff0000                __VECTOR_RAM = ORIGIN (vectram)

.text           0x00000000    0x16e98
                0x00000000                __VECTOR_TABLE = .
 *(.isr_vector)
 .isr_vector    0x00000000      0x454 C:/Freescale_BM_USB_Stack_v5.0/Src/example/host/hid/mouse/bm/make/host_hid_mouse_twrk70f120m/gcc_arm/MK70FN1M0_HOST_Flash_debug/obj/startup_MK70FN1M012.o
                0x00000000                __isr_vector
                0x00000454                _stext_ = .
 *(.text*)
 .text._bm_event_init
                0x00000454       0x50 C:/Freescale_BM_USB_Stack_v5.0/Src/example/host/hid/mouse/bm/make/host_hid_mouse_twrk70f120m/gcc_arm/MK70FN1M0_HOST_Flash_debug/obj/bmevent.o
                0x00000454                _bm_event_init
 .text._bm_event_set
                0x000004a4       0x40 C:/Freescale_BM_USB_Stack_v5.0/Src/example/host/hid/mouse/bm/make/host_hid_mouse_twrk70f120m/gcc_arm/MK70FN1M0_HOST_Flash_debug/obj/bmevent.o
                0x000004a4                _bm_event_set
 .text._bm_event_clear
                0x000004e4       0x44 C:/Freescale_BM_USB_Stack_v5.0/Src/example/host/hid/mouse/bm/make/host_hid_mouse_twrk70f120m/gcc_arm/MK70FN1M0_HOST_Flash_debug/obj/bmevent.o
                0x000004e4                _bm_event_clear
 .text._bm_event_wait_ticks
                0x00000528       0x40 C:/Freescale_BM_USB_Stack_v5.0/Src/example/host/hid/mouse/bm/make/host_hid_mouse_twrk70f120m/gcc_arm/MK70FN1M0_HOST_Flash_debug/obj/bmevent.o
                0x00000528                _bm_event_wait_ticks
 .text.bm_install_isr
                0x00000568       0x24 C:/Freescale_BM_USB_Stack_v5.0/Src/example/host/hid/mouse/bm/make/host_hid_mouse_twrk70f120m/gcc_arm/MK70FN1M0_HOST_Flash_debug/obj/bmisr.o
                0x00000568                bm_install_isr
 .text.bm_int_init
                0x0000058c       0x2c C:/Freescale_BM_USB_Stack_v5.0/Src/example/host/hid/mouse/bm/make/host_hid_mouse_twrk70f120m/gcc_arm/MK70FN1M0_HOST_Flash_debug/obj/bmisr.o
                0x0000058c                bm_int_init
 .text._bm_msgq_init
                0x000005b8       0xfc C:/Freescale_BM_USB_Stack_v5.0/Src/example/host/hid/mouse/bm/make/host_hid_mouse_twrk70f120m/gcc_arm/MK70FN1M0_HOST_Flash_debug/obj/bmmsgq.o
                0x000005b8                _bm_msgq_init
 .text._bm_msgq_send
                0x000006b4      0x11c C:/Freescale_BM_USB_Stack_v5.0/Src/example/host/hid/mouse/bm/make/host_hid_mouse_twrk70f120m/gcc_arm/MK70FN1M0_HOST_Flash_debug/obj/bmmsgq.o
                0x000006b4                _bm_msgq_send
 .text._bm_msgq_receive
                0x000007d0       0xcc C:/Freescale_BM_USB_Stack_v5.0/Src/example/host/hid/mouse/bm/make/host_hid_mouse_twrk70f120m/gcc_arm/MK70FN1M0_HOST_Flash_debug/obj/bmmsgq.o
                0x000007d0                _bm_msgq_receive
 .text._bm_msgq_deinit
                0x0000089c       0xbc C:/Freescale_BM_USB_Stack_v5.0/Src/example/host/hid/mouse/bm/make/host_hid_mouse_twrk70f120m/gcc_arm/MK70FN1M0_HOST_Flash_debug/obj/bmmsgq.o
                0x0000089c                _bm_msgq_deinit
 .text._bm_sem_create
                0x00000958       0x28 C:/Freescale_BM_USB_Stack_v5.0/Src/example/host/hid/mouse/bm/make/host_hid_mouse_twrk70f120m/gcc_arm/MK70FN1M0_HOST_Flash_debug/obj/bmsem.o
                0x00000958                _bm_sem_create
 .text._bm_sem_post
                0x00000980       0x34 C:/Freescale_BM_USB_Stack_v5.0/Src/example/host/hid/mouse/bm/make/host_hid_mouse_twrk70f120m/gcc_arm/MK70FN1M0_HOST_Flash_debug/obj/bmsem.o
                0x00000980                _bm_sem_post
 .text._bm_sem_wait_ticks
                0x000009b4       0x44 C:/Freescale_BM_USB_Stack_v5.0/Src/example/host/hid/mouse/bm/make/host_hid_mouse_twrk70f120m/gcc_arm/MK70FN1M0_HOST_Flash_debug/obj/bmsem.o
                0x000009b4                _bm_sem_wait_ticks
 .text.mouse_hid_get_interface
                0x000009f8       0x18 C:/Freescale_BM_USB_Stack_v5.0/Src/example/host/hid/mouse/bm/make/host_hid_mouse_twrk70f120m/gcc_arm/MK70FN1M0_HOST_Flash_debug/obj/hidmouse.o
                0x000009f8                mouse_hid_get_interface
 .text.mouse_hid_get_buffer
                0x00000a10       0xf0 C:/Freescale_BM_USB_Stack_v5.0/Src/example/host/hid/mouse/bm/make/host_hid_mouse_twrk70f120m/gcc_arm/MK70FN1M0_HOST_Flash_debug/obj/hidmouse.o
                0x00000a10                mouse_hid_get_buffer
 .text.mouse_hid_get_report_descriptor
                0x00000b00      0x1c4 C:/Freescale_BM_USB_Stack_v5.0/Src/example/host/hid/mouse/bm/make/host_hid_mouse_twrk70f120m/gcc_arm/MK70FN1M0_HOST_Flash_debug/obj/hidmouse.o
                0x00000b00                mouse_hid_get_report_descriptor
 .text.usb_host_hid_mouse_event
                0x00000cc4      0x23c C:/Freescale_BM_USB_Stack_v5.0/Src/example/host/hid/mouse/bm/make/host_hid_mouse_twrk70f120m/gcc_arm/MK70FN1M0_HOST_Flash_debug/obj/hidmouse.o
                0x00000cc4                usb_host_hid_mouse_event
 .text.usb_host_hid_mouse_ctrl_callback
                0x00000f00       0xe8 C:/Freescale_BM_USB_Stack_v5.0/Src/example/host/hid/mouse/bm/make/host_hid_mouse_twrk70f120m/gcc_arm/MK70FN1M0_HOST_Flash_debug/obj/hidmouse.o
                0x00000f00                usb_host_hid_mouse_ctrl_callback
 .text.usb_host_hid_mouse_recv_callback
                0x00000fe8       0x70 C:/Freescale_BM_USB_Stack_v5.0/Src/example/host/hid/mouse/bm/make/host_hid_mouse_twrk70f120m/gcc_arm/MK70FN1M0_HOST_Flash_debug/obj/hidmouse.o
                0x00000fe8                usb_host_hid_mouse_recv_callback
 .text.process_mouse_buffer
                0x00001058      0x15c C:/Freescale_BM_USB_Stack_v5.0/Src/example/host/hid/mouse/bm/make/host_hid_mouse_twrk70f120m/gcc_arm/MK70FN1M0_HOST_Flash_debug/obj/hidmouse.o
                0x00001058                process_mouse_buffer
 .text.usb_host_hid_unsupported_device_event
                0x000011b4       0xa0 C:/Freescale_BM_USB_Stack_v5.0/Src/example/host/hid/mouse/bm/make/host_hid_mouse_twrk70f120m/gcc_arm/MK70FN1M0_HOST_Flash_debug/obj/hidmouse.o
                0x000011b4                usb_host_hid_unsupported_device_event
 .text.APP_init
                0x00001254      0x108 C:/Freescale_BM_USB_Stack_v5.0/Src/example/host/hid/mouse/bm/make/host_hid_mouse_twrk70f120m/gcc_arm/MK70FN1M0_HOST_Flash_debug/obj/hidmouse.o
                0x00001254                APP_init
 .text.APP_task
                0x0000135c      0x5c8 C:/Freescale_BM_USB_Stack_v5.0/Src/example/host/hid/mouse/bm/make/host_hid_mouse_twrk70f120m/gcc_arm/MK70FN1M0_HOST_Flash_debug/obj/hidmouse.o
                0x0000135c                APP_task
 .text.bsp_serial_io_init
                0x00001924       0xb4 C:/Freescale_BM_USB_Stack_v5.0/Src/example/host/hid/mouse/bm/make/host_hid_mouse_twrk70f120m/gcc_arm/MK70FN1M0_HOST_Flash_debug/obj/init_gpio.o
                0x00001924                bsp_serial_io_init
 .text.main     0x000019d8       0x30 C:/Freescale_BM_USB_Stack_v5.0/Src/example/host/hid/mouse/bm/make/host_hid_mouse_twrk70f120m/gcc_arm/MK70FN1M0_HOST_Flash_debug/obj/main_kinetis.o
                0x000019d8                main
 .text.BM_mem_alloc_word_aligned
                0x00001a08       0x30 C:/Freescale_BM_USB_Stack_v5.0/Src/example/host/hid/mouse/bm/make/host_hid_mouse_twrk70f120m/gcc_arm/MK70FN1M0_HOST_Flash_debug/obj/mem_util.o
                0x00001a08                BM_mem_alloc_word_aligned
 .text.BM_mem_alloc_zero
                0x00001a38       0x30 C:/Freescale_BM_USB_Stack_v5.0/Src/example/host/hid/mouse/bm/make/host_hid_mouse_twrk70f120m/gcc_arm/MK70FN1M0_HOST_Flash_debug/obj/mem_util.o
                0x00001a38                BM_mem_alloc_zero
 .text.BM_mem_free
                0x00001a68       0x18 C:/Freescale_BM_USB_Stack_v5.0/Src/example/host/hid/mouse/bm/make/host_hid_mouse_twrk70f120m/gcc_arm/MK70FN1M0_HOST_Flash_debug/obj/mem_util.o
                0x00001a68                BM_mem_free
 .text.nvic_int_init
                0x00001a80       0xbc C:/Freescale_BM_USB_Stack_v5.0/Src/example/host/hid/mouse/bm/make/host_hid_mouse_twrk70f120m/gcc_arm/MK70FN1M0_HOST_Flash_debug/obj/nvic.o
                0x00001a80                nvic_int_init
 .text.nvic_int_enable
                0x00001b3c       0x5c C:/Freescale_BM_USB_Stack_v5.0/Src/example/host/hid/mouse/bm/make/host_hid_mouse_twrk70f120m/gcc_arm/MK70FN1M0_HOST_Flash_debug/obj/nvic.o
                0x00001b3c                nvic_int_enable
 .text.nvic_int_disable
                0x00001b98       0x60 C:/Freescale_BM_USB_Stack_v5.0/Src/example/host/hid/mouse/bm/make/host_hid_mouse_twrk70f120m/gcc_arm/MK70FN1M0_HOST_Flash_debug/obj/nvic.o
                0x00001b98                nvic_int_disable
 .text.sys_lock
                0x00001bf8       0x34 C:/Freescale_BM_USB_Stack_v5.0/Src/example/host/hid/mouse/bm/make/host_hid_mouse_twrk70f120m/gcc_arm/MK70FN1M0_HOST_Flash_debug/obj/nvic.o
                0x00001bf8                sys_lock
 .text.sys_unlock
                0x00001c2c       0x40 C:/Freescale_BM_USB_Stack_v5.0/Src/example/host/hid/mouse/bm/make/host_hid_mouse_twrk70f120m/gcc_arm/MK70FN1M0_HOST_Flash_debug/obj/nvic.o
                0x00001c2c                sys_unlock
 .text.delay_init
                0x00001c6c       0x6c C:/Freescale_BM_USB_Stack_v5.0/Src/example/host/hid/mouse/bm/make/host_hid_mouse_twrk70f120m/gcc_arm/MK70FN1M0_HOST_Flash_debug/obj/pit_delay.o
                0x00001c6c                delay_init
 .text.delay_isr
                0x00001cd8       0x70 C:/Freescale_BM_USB_Stack_v5.0/Src/example/host/hid/mouse/bm/make/host_hid_mouse_twrk70f120m/gcc_arm/MK70FN1M0_HOST_Flash_debug/obj/pit_delay.o
 .text.time_delay
                0x00001d48       0x4c C:/Freescale_BM_USB_Stack_v5.0/Src/example/host/hid/mouse/bm/make/host_hid_mouse_twrk70f120m/gcc_arm/MK70FN1M0_HOST_Flash_debug/obj/pit_delay.o
                0x00001d48                time_delay
 .text.delay    0x00001d94       0x3c C:/Freescale_BM_USB_Stack_v5.0/Src/example/host/hid/mouse/bm/make/host_hid_mouse_twrk70f120m/gcc_arm/MK70FN1M0_HOST_Flash_debug/obj/pit_delay.o
                0x00001d94                delay
 .text.POLL_init
                0x00001dd0       0x60 C:/Freescale_BM_USB_Stack_v5.0/Src/example/host/hid/mouse/bm/make/host_hid_mouse_twrk70f120m/gcc_arm/MK70FN1M0_HOST_Flash_debug/obj/poll.o
                0x00001dd0                POLL_init
 .text.POLL_register
                0x00001e30       0x94 C:/Freescale_BM_USB_Stack_v5.0/Src/example/host/hid/mouse/bm/make/host_hid_mouse_twrk70f120m/gcc_arm/MK70FN1M0_HOST_Flash_debug/obj/poll.o
                0x00001e30                POLL_register
 .text.Poll     0x00001ec4       0x54 C:/Freescale_BM_USB_Stack_v5.0/Src/example/host/hid/mouse/bm/make/host_hid_mouse_twrk70f120m/gcc_arm/MK70FN1M0_HOST_Flash_debug/obj/poll.o
                0x00001ec4                Poll
 .text.POLL_unregister
                0x00001f18      0x1f0 C:/Freescale_BM_USB_Stack_v5.0/Src/example/host/hid/mouse/bm/make/host_hid_mouse_twrk70f120m/gcc_arm/MK70FN1M0_HOST_Flash_debug/obj/poll.o
                0x00001f18                POLL_unregister
 .text.printk_putc
                0x00002108       0x58 C:/Freescale_BM_USB_Stack_v5.0/Src/example/host/hid/mouse/bm/make/host_hid_mouse_twrk70f120m/gcc_arm/MK70FN1M0_HOST_Flash_debug/obj/printf.o
 .text.printk_mknumstr
                0x00002160      0x120 C:/Freescale_BM_USB_Stack_v5.0/Src/example/host/hid/mouse/bm/make/host_hid_mouse_twrk70f120m/gcc_arm/MK70FN1M0_HOST_Flash_debug/obj/printf.o
 .text.printk_pad_zero
                0x00002280       0x38 C:/Freescale_BM_USB_Stack_v5.0/Src/example/host/hid/mouse/bm/make/host_hid_mouse_twrk70f120m/gcc_arm/MK70FN1M0_HOST_Flash_debug/obj/printf.o
 .text.printk_pad_space
                0x000022b8       0x38 C:/Freescale_BM_USB_Stack_v5.0/Src/example/host/hid/mouse/bm/make/host_hid_mouse_twrk70f120m/gcc_arm/MK70FN1M0_HOST_Flash_debug/obj/printf.o
 .text.printk   0x000022f0      0x6cc C:/Freescale_BM_USB_Stack_v5.0/Src/example/host/hid/mouse/bm/make/host_hid_mouse_twrk70f120m/gcc_arm/MK70FN1M0_HOST_Flash_debug/obj/printf.o
                0x000022f0                printk
 .text.printf_kinetis
                0x000029bc       0x40 C:/Freescale_BM_USB_Stack_v5.0/Src/example/host/hid/mouse/bm/make/host_hid_mouse_twrk70f120m/gcc_arm/MK70FN1M0_HOST_Flash_debug/obj/printf.o
                0x000029bc                printf_kinetis
 .text.TimerQInitialize
                0x000029fc       0x30 C:/Freescale_BM_USB_Stack_v5.0/Src/example/host/hid/mouse/bm/make/host_hid_mouse_twrk70f120m/gcc_arm/MK70FN1M0_HOST_Flash_debug/obj/rtc_kinetis.o
                0x000029fc                TimerQInitialize
 .text.TimerInit
                0x00002a2c       0x74 C:/Freescale_BM_USB_Stack_v5.0/Src/example/host/hid/mouse/bm/make/host_hid_mouse_twrk70f120m/gcc_arm/MK70FN1M0_HOST_Flash_debug/obj/rtc_kinetis.o
 .text.real_timer_isr
                0x00002aa0       0xb8 C:/Freescale_BM_USB_Stack_v5.0/Src/example/host/hid/mouse/bm/make/host_hid_mouse_twrk70f120m/gcc_arm/MK70FN1M0_HOST_Flash_debug/obj/rtc_kinetis.o
                0x00002aa0                real_timer_isr
 .text.sci_init
                0x00002b58       0xc4 C:/Freescale_BM_USB_Stack_v5.0/Src/example/host/hid/mouse/bm/make/host_hid_mouse_twrk70f120m/gcc_arm/MK70FN1M0_HOST_Flash_debug/obj/sci.o
                0x00002b58                sci_init
 .text.uart_putchar
                0x00002c1c       0x3c C:/Freescale_BM_USB_Stack_v5.0/Src/example/host/hid/mouse/bm/make/host_hid_mouse_twrk70f120m/gcc_arm/MK70FN1M0_HOST_Flash_debug/obj/sci.o
                0x00002c1c                uart_putchar
 .text.out_char
                0x00002c58       0x1c C:/Freescale_BM_USB_Stack_v5.0/Src/example/host/hid/mouse/bm/make/host_hid_mouse_twrk70f120m/gcc_arm/MK70FN1M0_HOST_Flash_debug/obj/sci.o
                0x00002c58                out_char
 .text.SYS_Init
                0x00002c74      0x1e0 C:/Freescale_BM_USB_Stack_v5.0/Src/example/host/hid/mouse/bm/make/host_hid_mouse_twrk70f120m/gcc_arm/MK70FN1M0_HOST_Flash_debug/obj/soc_init.o
                0x00002c74                SYS_Init
 .text.pll_init
                0x00002e54      0xa70 C:/Freescale_BM_USB_Stack_v5.0/Src/example/host/hid/mouse/bm/make/host_hid_mouse_twrk70f120m/gcc_arm/MK70FN1M0_HOST_Flash_debug/obj/soc_init.o
 .text.trace_clk_init
                0x000038c4       0x48 C:/Freescale_BM_USB_Stack_v5.0/Src/example/host/hid/mouse/bm/make/host_hid_mouse_twrk70f120m/gcc_arm/MK70FN1M0_HOST_Flash_debug/obj/soc_init.o
 .text.fb_clk_init
                0x0000390c       0x48 C:/Freescale_BM_USB_Stack_v5.0/Src/example/host/hid/mouse/bm/make/host_hid_mouse_twrk70f120m/gcc_arm/MK70FN1M0_HOST_Flash_debug/obj/soc_init.o
 .text.soc_install_isr
                0x00003954       0xac C:/Freescale_BM_USB_Stack_v5.0/Src/example/host/hid/mouse/bm/make/host_hid_mouse_twrk70f120m/gcc_arm/MK70FN1M0_HOST_Flash_debug/obj/soc_isr.o
                0x00003954                soc_install_isr
 .text.USB_ISR  0x00003a00       0x2c C:/Freescale_BM_USB_Stack_v5.0/Src/example/host/hid/mouse/bm/make/host_hid_mouse_twrk70f120m/gcc_arm/MK70FN1M0_HOST_Flash_debug/obj/soc_isr.o
                0x00003a00                USB_ISR
 .text.USBHS_ISR
                0x00003a2c       0x2c C:/Freescale_BM_USB_Stack_v5.0/Src/example/host/hid/mouse/bm/make/host_hid_mouse_twrk70f120m/gcc_arm/MK70FN1M0_HOST_Flash_debug/obj/soc_isr.o
                0x00003a2c                USBHS_ISR
 .text.PIT0_ISR
                0x00003a58       0x24 C:/Freescale_BM_USB_Stack_v5.0/Src/example/host/hid/mouse/bm/make/host_hid_mouse_twrk70f120m/gcc_arm/MK70FN1M0_HOST_Flash_debug/obj/soc_isr.o
                0x00003a58                PIT0_ISR
 .text.PIT1_ISR
                0x00003a7c       0x24 C:/Freescale_BM_USB_Stack_v5.0/Src/example/host/hid/mouse/bm/make/host_hid_mouse_twrk70f120m/gcc_arm/MK70FN1M0_HOST_Flash_debug/obj/soc_isr.o
                0x00003a7c                PIT1_ISR
 .text.PORTB_ISR
                0x00003aa0        0xc C:/Freescale_BM_USB_Stack_v5.0/Src/example/host/hid/mouse/bm/make/host_hid_mouse_twrk70f120m/gcc_arm/MK70FN1M0_HOST_Flash_debug/obj/soc_isr.o
                0x00003aa0                PORTB_ISR
 .text.I2S0_TX_ISR
                0x00003aac        0xc C:/Freescale_BM_USB_Stack_v5.0/Src/example/host/hid/mouse/bm/make/host_hid_mouse_twrk70f120m/gcc_arm/MK70FN1M0_HOST_Flash_debug/obj/soc_isr.o
                0x00003aac                I2S0_TX_ISR
 .text.UART2_ISR
                0x00003ab8       0x2c C:/Freescale_BM_USB_Stack_v5.0/Src/example/host/hid/mouse/bm/make/host_hid_mouse_twrk70f120m/gcc_arm/MK70FN1M0_HOST_Flash_debug/obj/soc_isr.o
                0x00003ab8                UART2_ISR
 .text.pit_get_vector
                0x00003ae4       0x34 C:/Freescale_BM_USB_Stack_v5.0/Src/example/host/hid/mouse/bm/make/host_hid_mouse_twrk70f120m/gcc_arm/MK70FN1M0_HOST_Flash_debug/obj/soc_pit.o
                0x00003ae4                pit_get_vector
 .text.pit_init_freq
                0x00003b18       0xac C:/Freescale_BM_USB_Stack_v5.0/Src/example/host/hid/mouse/bm/make/host_hid_mouse_twrk70f120m/gcc_arm/MK70FN1M0_HOST_Flash_debug/obj/soc_pit.o
                0x00003b18                pit_init_freq
 .text.pit_mask_int
                0x00003bc4       0x6c C:/Freescale_BM_USB_Stack_v5.0/Src/example/host/hid/mouse/bm/make/host_hid_mouse_twrk70f120m/gcc_arm/MK70FN1M0_HOST_Flash_debug/obj/soc_pit.o
                0x00003bc4                pit_mask_int
 .text.pit_unmask_int
                0x00003c30       0x6c C:/Freescale_BM_USB_Stack_v5.0/Src/example/host/hid/mouse/bm/make/host_hid_mouse_twrk70f120m/gcc_arm/MK70FN1M0_HOST_Flash_debug/obj/soc_pit.o
                0x00003c30                pit_unmask_int
 .text.pit_check_int_flag
                0x00003c9c       0x3c C:/Freescale_BM_USB_Stack_v5.0/Src/example/host/hid/mouse/bm/make/host_hid_mouse_twrk70f120m/gcc_arm/MK70FN1M0_HOST_Flash_debug/obj/soc_pit.o
                0x00003c9c                pit_check_int_flag
 .text.pit_clear_int
                0x00003cd8       0x44 C:/Freescale_BM_USB_Stack_v5.0/Src/example/host/hid/mouse/bm/make/host_hid_mouse_twrk70f120m/gcc_arm/MK70FN1M0_HOST_Flash_debug/obj/soc_pit.o
                0x00003cd8                pit_clear_int
 .text._bsp_get_serial_base_address
                0x00003d1c       0x8c C:/Freescale_BM_USB_Stack_v5.0/Src/example/host/hid/mouse/bm/make/host_hid_mouse_twrk70f120m/gcc_arm/MK70FN1M0_HOST_Flash_debug/obj/soc_sci.o
                0x00003d1c                _bsp_get_serial_base_address
 .text.soc_get_usb_base_address
                0x00003da8       0x30 C:/Freescale_BM_USB_Stack_v5.0/Src/example/host/hid/mouse/bm/make/host_hid_mouse_twrk70f120m/gcc_arm/MK70FN1M0_HOST_Flash_debug/obj/soc_usb.o
                0x00003da8                soc_get_usb_base_address
 .text.soc_get_usb_vector_number
                0x00003dd8       0x28 C:/Freescale_BM_USB_Stack_v5.0/Src/example/host/hid/mouse/bm/make/host_hid_mouse_twrk70f120m/gcc_arm/MK70FN1M0_HOST_Flash_debug/obj/soc_usb.o
                0x00003dd8                soc_get_usb_vector_number
 .text.init_data_bss
                0x00003e00      0x108 C:/Freescale_BM_USB_Stack_v5.0/Src/example/host/hid/mouse/bm/make/host_hid_mouse_twrk70f120m/gcc_arm/MK70FN1M0_HOST_Flash_debug/obj/startup.o
                0x00003e00                init_data_bss
 .text          0x00003f08      0x110 C:/Freescale_BM_USB_Stack_v5.0/Src/example/host/hid/mouse/bm/make/host_hid_mouse_twrk70f120m/gcc_arm/MK70FN1M0_HOST_Flash_debug/obj/startup_MK70FN1M012.o
                0x00003f08                Reset_Handler
                0x00003f34                NMI_Handler
                0x00003f36                HardFault_Handler
                0x00003f38                MemManage_Handler
                0x00003f3a                BusFault_Handler
                0x00003f3c                UsageFault_Handler
                0x00003f3e                SVC_Handler
                0x00003f40                DebugMon_Handler
                0x00003f42                PendSV_Handler
                0x00003f44                SysTick_Handler
                0x00003f46                Default_Handler
                0x00003f48                DMA0_IRQHandler
                0x00003f4a                DMA1_IRQHandler
                0x00003f4c                DMA2_IRQHandler
                0x00003f4e                DMA3_IRQHandler
                0x00003f50                DMA4_IRQHandler
                0x00003f52                DMA5_IRQHandler
                0x00003f54                DMA6_IRQHandler
                0x00003f56                DMA7_IRQHandler
                0x00003f58                DMA8_IRQHandler
                0x00003f5a                DMA9_IRQHandler
                0x00003f5c                DMA10_IRQHandler
                0x00003f5e                DMA11_IRQHandler
                0x00003f60                DMA12_IRQHandler
                0x00003f62                DMA13_IRQHandler
                0x00003f64                DMA14_IRQHandler
                0x00003f66                DMA15_IRQHandler
                0x00003f68                DMA_Error_IRQHandler
                0x00003f6a                MCM_IRQHandler
                0x00003f6c                FTF_IRQHandler
                0x00003f6e                Read_Collision_IRQHandler
                0x00003f70                LVD_LVW_IRQHandler
                0x00003f72                LLW_IRQHandler
                0x00003f74                Watchdog_IRQHandler
                0x00003f76                RNG_IRQHandler
                0x00003f78                I2C0_IRQHandler
                0x00003f7a                I2C1_IRQHandler
                0x00003f7c                SPI0_IRQHandler
                0x00003f7e                SPI1_IRQHandler
                0x00003f80                SPI2_IRQHandler
                0x00003f82                CAN0_MESS_IRQHandler
                0x00003f84                CAN0_BUS_OFF_IRQHandler
                0x00003f86                CAN0_ERR_IRQHandler
                0x00003f88                CAN0_TW_IRQHandler
                0x00003f8a                CAN0_RW_IRQHandler
                0x00003f8c                CAN0_WAKE_UP_IRQHandler
                0x00003f8e                I2S0_Transmit
                0x00003f90                I2S0_Receive
                0x00003f92                CAN0_IMEU_IRQHandler
                0x00003f94                CAN0_LR_IRQHandler
                0x00003f96                CAN1_MESS_IRQHandler
                0x00003f98                CAN1_BUS_OFF_IRQHandler
                0x00003f9a                CAN1_ERR_IRQHandler
                0x00003f9c                CAN1_TW_IRQHandler
                0x00003f9e                CAN1_RW_IRQHandler
                0x00003fa0                CAN1_WAKE_UP_IRQHandler
                0x00003fa2                UART0_LON_sources
                0x00003fa4                CAN1_LR_IRQHandler
                0x00003fa6                UART0_IRQHandler
                0x00003fa8                UART0_ERR_IRQHandler
                0x00003faa                UART1_IRQHandler
                0x00003fac                UART1_ERR_IRQHandler
                0x00003fae                UART2_IRQHandler
                0x00003fb0                UART2_ERR_IRQHandler
                0x00003fb2                UART3_IRQHandler
                0x00003fb4                UART3_ERR_IRQHandler
                0x00003fb6                UART4_IRQHandler
                0x00003fb8                UART4_ERR_IRQHandler
                0x00003fba                UART5_IRQHandler
                0x00003fbc                UART5_ERR_IRQHandler
                0x00003fbe                ADC0_IRQHandler
                0x00003fc0                ADC1_IRQHandler
                0x00003fc2                CMP0_IRQHandler
                0x00003fc4                CMP1_IRQHandler
                0x00003fc6                CMP2_IRQHandler
                0x00003fc8                FTM0_IRQHandler
                0x00003fca                FTM1_IRQHandler
                0x00003fcc                FTM2_IRQHandler
                0x00003fce                CMT_IRQHandler
                0x00003fd0                RTC_IRQHandler
                0x00003fd2                RTC_Seconds_IRQHandler
                0x00003fd8                PIT2_IRQHandler
                0x00003fda                PIT3_IRQHandler
                0x00003fdc                PDB0_IRQHandler
                0x00003fe0                USB_CD_IRQHandler
                0x00003fe2                I2S_IRQHandler
                0x00003fe4                SDHC_IRQHandler
                0x00003fe6                DAC0_IRQHandler
                0x00003fe8                DAC1_IRQHandler
                0x00003fea                TSI_IRQHandler
                0x00003fec                MCG_IRQHandler
                0x00003fee                LPTimer_IRQHandler
                0x00003ff0                LCD_IRQHandler
                0x00003ff2                PORTA_IRQHandler
                0x00003ff6                PORTB_IRQHandler
                0x00003ff8                PORTC_IRQHandler
                0x00003ffa                PORTD_IRQHandler
                0x00003ffc                PORTE_IRQHandler
                0x00003ffe                Software_IRQHandler
                0x00004000                NFC_IRQHandler
                0x00004002                USBHS_IRQHandler
                0x00004004                GLCD_IRQHandler
                0x00004006                CMP3_IRQHandler
                0x00004008                Tamper_IRQHandler
                0x0000400a                FTM3_IRQHandler
                0x0000400c                ADC2_IRQHandler
                0x0000400e                ADC3_IRQHandler
                0x00004010                I2S1_Tx_IRQHandler
                0x00004012                I2S2_Rx_IRQHandler
                0x00004014                Reserved101_IRQHandler
                0x00004016                DefaultISR
 .text.SystemInit
                0x00004018       0x34 C:/Freescale_BM_USB_Stack_v5.0/Src/example/host/hid/mouse/bm/make/host_hid_mouse_twrk70f120m/gcc_arm/MK70FN1M0_HOST_Flash_debug/obj/system_MK70FN1M012.o
                0x00004018                SystemInit
 .text.OS_Task_create
                0x0000404c       0x58 C:/Freescale_BM_USB_Stack_v5.0/Src/output/twrk70f120m.gcc_arm/debug/usbh/bm/usbh.a(adapter_bm.o)
                0x0000404c                OS_Task_create
 .text.OS_Task_delete
                0x000040a4       0x94 C:/Freescale_BM_USB_Stack_v5.0/Src/output/twrk70f120m.gcc_arm/debug/usbh/bm/usbh.a(adapter_bm.o)
                0x000040a4                OS_Task_delete
 .text.OS_Event_create
                0x00004138       0x44 C:/Freescale_BM_USB_Stack_v5.0/Src/output/twrk70f120m.gcc_arm/debug/usbh/bm/usbh.a(adapter_bm.o)
                0x00004138                OS_Event_create
 .text.OS_Event_destroy
                0x0000417c       0x28 C:/Freescale_BM_USB_Stack_v5.0/Src/output/twrk70f120m.gcc_arm/debug/usbh/bm/usbh.a(adapter_bm.o)
                0x0000417c                OS_Event_destroy
 .text.OS_Event_check_bit
                0x000041a4       0x20 C:/Freescale_BM_USB_Stack_v5.0/Src/output/twrk70f120m.gcc_arm/debug/usbh/bm/usbh.a(adapter_bm.o)
                0x000041a4                OS_Event_check_bit
 .text.OS_Event_wait
                0x000041c4       0x94 C:/Freescale_BM_USB_Stack_v5.0/Src/output/twrk70f120m.gcc_arm/debug/usbh/bm/usbh.a(adapter_bm.o)
                0x000041c4                OS_Event_wait
 .text.OS_MsgQ_send
                0x00004258       0x30 C:/Freescale_BM_USB_Stack_v5.0/Src/output/twrk70f120m.gcc_arm/debug/usbh/bm/usbh.a(adapter_bm.o)
                0x00004258                OS_MsgQ_send
 .text.OS_MsgQ_recv
                0x00004288       0x30 C:/Freescale_BM_USB_Stack_v5.0/Src/output/twrk70f120m.gcc_arm/debug/usbh/bm/usbh.a(adapter_bm.o)
                0x00004288                OS_MsgQ_recv
 .text.OS_MsgQ_Is_Empty
                0x000042b8       0x40 C:/Freescale_BM_USB_Stack_v5.0/Src/output/twrk70f120m.gcc_arm/debug/usbh/bm/usbh.a(adapter_bm.o)
                0x000042b8                OS_MsgQ_Is_Empty
 .text.OS_Mutex_create
                0x000042f8       0x10 C:/Freescale_BM_USB_Stack_v5.0/Src/output/twrk70f120m.gcc_arm/debug/usbh/bm/usbh.a(adapter_bm.o)
                0x000042f8                OS_Mutex_create
 .text.OS_Mutex_lock
                0x00004308       0x18 C:/Freescale_BM_USB_Stack_v5.0/Src/output/twrk70f120m.gcc_arm/debug/usbh/bm/usbh.a(adapter_bm.o)
                0x00004308                OS_Mutex_lock
 .text.OS_Mutex_unlock
                0x00004320       0x18 C:/Freescale_BM_USB_Stack_v5.0/Src/output/twrk70f120m.gcc_arm/debug/usbh/bm/usbh.a(adapter_bm.o)
                0x00004320                OS_Mutex_unlock
 .text.OS_Mutex_destroy
                0x00004338       0x18 C:/Freescale_BM_USB_Stack_v5.0/Src/output/twrk70f120m.gcc_arm/debug/usbh/bm/usbh.a(adapter_bm.o)
                0x00004338                OS_Mutex_destroy
 .text.OS_Gpio_init
                0x00004350       0x1c C:/Freescale_BM_USB_Stack_v5.0/Src/output/twrk70f120m.gcc_arm/debug/usbh/bm/usbh.a(adapter_bm.o)
                0x00004350                OS_Gpio_init
 .text.OS_Gpio_set_functionality
                0x0000436c       0x1c C:/Freescale_BM_USB_Stack_v5.0/Src/output/twrk70f120m.gcc_arm/debug/usbh/bm/usbh.a(adapter_bm.o)
                0x0000436c                OS_Gpio_set_functionality
 .text.OS_Gpio_set_value
                0x00004388       0x1c C:/Freescale_BM_USB_Stack_v5.0/Src/output/twrk70f120m.gcc_arm/debug/usbh/bm/usbh.a(adapter_bm.o)
                0x00004388                OS_Gpio_set_value
 .text.OS_Sem_create
                0x000043a4       0x4c C:/Freescale_BM_USB_Stack_v5.0/Src/output/twrk70f120m.gcc_arm/debug/usbh/bm/usbh.a(adapter_bm.o)
                0x000043a4                OS_Sem_create
 .text.OS_Sem_wait
                0x000043f0       0x8c C:/Freescale_BM_USB_Stack_v5.0/Src/output/twrk70f120m.gcc_arm/debug/usbh/bm/usbh.a(adapter_bm.o)
                0x000043f0                OS_Sem_wait
 .text.USB_log_error
                0x0000447c       0x1c C:/Freescale_BM_USB_Stack_v5.0/Src/output/twrk70f120m.gcc_arm/debug/usbh/bm/usbh.a(usb_host.o)
                0x0000447c                USB_log_error
 .text._usb_host_get_handle
                0x00004498       0xa4 C:/Freescale_BM_USB_Stack_v5.0/Src/output/twrk70f120m.gcc_arm/debug/usbh/bm/usbh.a(usb_host.o)
 .text._usb_host_release_handle
                0x0000453c       0x20 C:/Freescale_BM_USB_Stack_v5.0/Src/output/twrk70f120m.gcc_arm/debug/usbh/bm/usbh.a(usb_host.o)
 .text._usb_host_get_api
                0x0000455c       0x3c C:/Freescale_BM_USB_Stack_v5.0/Src/output/twrk70f120m.gcc_arm/debug/usbh/bm/usbh.a(usb_host.o)
 .text._usb_host_link_tr
                0x00004598       0x88 C:/Freescale_BM_USB_Stack_v5.0/Src/output/twrk70f120m.gcc_arm/debug/usbh/bm/usbh.a(usb_host.o)
                0x00004598                _usb_host_link_tr
 .text._usb_host_unlink_tr
                0x00004620       0xc8 C:/Freescale_BM_USB_Stack_v5.0/Src/output/twrk70f120m.gcc_arm/debug/usbh/bm/usbh.a(usb_host.o)
                0x00004620                _usb_host_unlink_tr
 .text._usb_host_update_max_packet_size_call_interface
                0x000046e8       0x50 C:/Freescale_BM_USB_Stack_v5.0/Src/output/twrk70f120m.gcc_arm/debug/usbh/bm/usbh.a(usb_host.o)
                0x000046e8                _usb_host_update_max_packet_size_call_interface
 .text._usb_host_update_device_address_call_interface
                0x00004738       0x50 C:/Freescale_BM_USB_Stack_v5.0/Src/output/twrk70f120m.gcc_arm/debug/usbh/bm/usbh.a(usb_host.o)
                0x00004738                _usb_host_update_device_address_call_interface
 .text._usb_host_call_service
                0x00004788       0x8c C:/Freescale_BM_USB_Stack_v5.0/Src/output/twrk70f120m.gcc_arm/debug/usbh/bm/usbh.a(usb_host.o)
                0x00004788                _usb_host_call_service
 .text.usb_host_init
                0x00004814      0x248 C:/Freescale_BM_USB_Stack_v5.0/Src/output/twrk70f120m.gcc_arm/debug/usbh/bm/usbh.a(usb_host.o)
                0x00004814                usb_host_init
 .text.usb_host_open_pipe
                0x00004a5c       0x54 C:/Freescale_BM_USB_Stack_v5.0/Src/output/twrk70f120m.gcc_arm/debug/usbh/bm/usbh.a(usb_host.o)
                0x00004a5c                usb_host_open_pipe
 .text.usb_host_close_pipe
                0x00004ab0       0x50 C:/Freescale_BM_USB_Stack_v5.0/Src/output/twrk70f120m.gcc_arm/debug/usbh/bm/usbh.a(usb_host.o)
                0x00004ab0                usb_host_close_pipe
 .text.usb_host_send_setup
                0x00004b00       0xd0 C:/Freescale_BM_USB_Stack_v5.0/Src/output/twrk70f120m.gcc_arm/debug/usbh/bm/usbh.a(usb_host.o)
                0x00004b00                usb_host_send_setup
 .text.usb_host_recv_data
                0x00004bd0       0xb8 C:/Freescale_BM_USB_Stack_v5.0/Src/output/twrk70f120m.gcc_arm/debug/usbh/bm/usbh.a(usb_host.o)
                0x00004bd0                usb_host_recv_data
 .text.usb_host_cancel
                0x00004c88       0x54 C:/Freescale_BM_USB_Stack_v5.0/Src/output/twrk70f120m.gcc_arm/debug/usbh/bm/usbh.a(usb_host.o)
                0x00004c88                usb_host_cancel
 .text.usb_host_open_dev_interface
                0x00004cdc      0x1ac C:/Freescale_BM_USB_Stack_v5.0/Src/output/twrk70f120m.gcc_arm/debug/usbh/bm/usbh.a(usb_host.o)
                0x00004cdc                usb_host_open_dev_interface
 .text.usb_host_close_dev_interface
                0x00004e88      0x160 C:/Freescale_BM_USB_Stack_v5.0/Src/output/twrk70f120m.gcc_arm/debug/usbh/bm/usbh.a(usb_host.o)
                0x00004e88                usb_host_close_dev_interface
 .text.usb_host_register_unsupported_device_notify
                0x00004fe8       0x54 C:/Freescale_BM_USB_Stack_v5.0/Src/output/twrk70f120m.gcc_arm/debug/usbh/bm/usbh.a(usb_host.o)
                0x00004fe8                usb_host_register_unsupported_device_notify
 .text.usb_host_register_driver_info
                0x0000503c       0x54 C:/Freescale_BM_USB_Stack_v5.0/Src/output/twrk70f120m.gcc_arm/debug/usbh/bm/usbh.a(usb_host.o)
                0x0000503c                usb_host_register_driver_info
 .text.usb_host_get_tr
                0x00005090      0x1b0 C:/Freescale_BM_USB_Stack_v5.0/Src/output/twrk70f120m.gcc_arm/debug/usbh/bm/usbh.a(usb_host.o)
                0x00005090                usb_host_get_tr
 .text.usb_host_release_tr
                0x00005240      0x188 C:/Freescale_BM_USB_Stack_v5.0/Src/output/twrk70f120m.gcc_arm/debug/usbh/bm/usbh.a(usb_host.o)
                0x00005240                usb_host_release_tr
 .text.bsp_usb_host_io_init
                0x000053c8      0x420 C:/Freescale_BM_USB_Stack_v5.0/Src/output/twrk70f120m.gcc_arm/debug/usbh/bm/usbh.a(usb_host_bsp.o)
 .text.bsp_usb_host_init
                0x000057e8       0xec C:/Freescale_BM_USB_Stack_v5.0/Src/output/twrk70f120m.gcc_arm/debug/usbh/bm/usbh.a(usb_host_bsp.o)
                0x000057e8                bsp_usb_host_init
 .text.usb_host_cntrl_transaction_done
                0x000058d4      0x574 C:/Freescale_BM_USB_Stack_v5.0/Src/output/twrk70f120m.gcc_arm/debug/usbh/bm/usbh.a(usb_host_ch9.o)
 .text.usb_host_ch9_dev_req
                0x00005e48      0x120 C:/Freescale_BM_USB_Stack_v5.0/Src/output/twrk70f120m.gcc_arm/debug/usbh/bm/usbh.a(usb_host_ch9.o)
 .text._usb_host_ch9_clear_feature
                0x00005f68       0xc4 C:/Freescale_BM_USB_Stack_v5.0/Src/output/twrk70f120m.gcc_arm/debug/usbh/bm/usbh.a(usb_host_ch9.o)
                0x00005f68                _usb_host_ch9_clear_feature
 .text._usb_host_ch9_get_descriptor
                0x0000602c       0x74 C:/Freescale_BM_USB_Stack_v5.0/Src/output/twrk70f120m.gcc_arm/debug/usbh/bm/usbh.a(usb_host_ch9.o)
                0x0000602c                _usb_host_ch9_get_descriptor
 .text._usb_host_ch9_set_address
                0x000060a0       0x90 C:/Freescale_BM_USB_Stack_v5.0/Src/output/twrk70f120m.gcc_arm/debug/usbh/bm/usbh.a(usb_host_ch9.o)
                0x000060a0                _usb_host_ch9_set_address
 .text._usb_host_ch9_set_configuration
                0x00006130       0x8c C:/Freescale_BM_USB_Stack_v5.0/Src/output/twrk70f120m.gcc_arm/debug/usbh/bm/usbh.a(usb_host_ch9.o)
                0x00006130                _usb_host_ch9_set_configuration
 .text._usb_host_ch9_set_interface
                0x000061bc       0xa0 C:/Freescale_BM_USB_Stack_v5.0/Src/output/twrk70f120m.gcc_arm/debug/usbh/bm/usbh.a(usb_host_ch9.o)
                0x000061bc                _usb_host_ch9_set_interface
 .text.usb_hostdev_validate
                0x0000625c       0xa8 C:/Freescale_BM_USB_Stack_v5.0/Src/output/twrk70f120m.gcc_arm/debug/usbh/bm/usbh.a(usb_host_common.o)
                0x0000625c                usb_hostdev_validate
 .text.usb_host_driver_info_match
                0x00006304      0x1a4 C:/Freescale_BM_USB_Stack_v5.0/Src/output/twrk70f120m.gcc_arm/debug/usbh/bm/usbh.a(usb_host_common.o)
                0x00006304                usb_host_driver_info_match
 .text.usb_host_driver_info_nonzero
                0x000064a8       0x7c C:/Freescale_BM_USB_Stack_v5.0/Src/output/twrk70f120m.gcc_arm/debug/usbh/bm/usbh.a(usb_host_common.o)
                0x000064a8                usb_host_driver_info_nonzero
 .text.usb_host_get_class_map
                0x00006524       0x74 C:/Freescale_BM_USB_Stack_v5.0/Src/output/twrk70f120m.gcc_arm/debug/usbh/bm/usbh.a(usb_host_common.o)
                0x00006524                usb_host_get_class_map
 .text.usb_hostdev_mask_class_etc
                0x00006598       0x7c C:/Freescale_BM_USB_Stack_v5.0/Src/output/twrk70f120m.gcc_arm/debug/usbh/bm/usbh.a(usb_host_common.o)
 .text.usb_host_dev_mng_get_address
                0x00006614       0x24 C:/Freescale_BM_USB_Stack_v5.0/Src/output/twrk70f120m.gcc_arm/debug/usbh/bm/usbh.a(usb_host_dev_mng.o)
                0x00006614                usb_host_dev_mng_get_address
 .text.usb_host_dev_mng_get_hubno
                0x00006638       0x24 C:/Freescale_BM_USB_Stack_v5.0/Src/output/twrk70f120m.gcc_arm/debug/usbh/bm/usbh.a(usb_host_dev_mng.o)
                0x00006638                usb_host_dev_mng_get_hubno
 .text.usb_host_dev_mng_get_portno
                0x0000665c       0x24 C:/Freescale_BM_USB_Stack_v5.0/Src/output/twrk70f120m.gcc_arm/debug/usbh/bm/usbh.a(usb_host_dev_mng.o)
                0x0000665c                usb_host_dev_mng_get_portno
 .text.usb_host_dev_mng_get_speed
                0x00006680       0x24 C:/Freescale_BM_USB_Stack_v5.0/Src/output/twrk70f120m.gcc_arm/debug/usbh/bm/usbh.a(usb_host_dev_mng.o)
                0x00006680                usb_host_dev_mng_get_speed
 .text.usb_host_dev_mng_get_hub_speed
                0x000066a4       0x28 C:/Freescale_BM_USB_Stack_v5.0/Src/output/twrk70f120m.gcc_arm/debug/usbh/bm/usbh.a(usb_host_dev_mng.o)
                0x000066a4                usb_host_dev_mng_get_hub_speed
 .text.usb_host_dev_mng_get_attach_state
                0x000066cc       0x28 C:/Freescale_BM_USB_Stack_v5.0/Src/output/twrk70f120m.gcc_arm/debug/usbh/bm/usbh.a(usb_host_dev_mng.o)
                0x000066cc                usb_host_dev_mng_get_attach_state
 .text.usb_host_dev_mng_get_host
                0x000066f4       0x24 C:/Freescale_BM_USB_Stack_v5.0/Src/output/twrk70f120m.gcc_arm/debug/usbh/bm/usbh.a(usb_host_dev_mng.o)
                0x000066f4                usb_host_dev_mng_get_host
 .text.usb_host_dev_mng_get_control_pipe
                0x00006718       0x24 C:/Freescale_BM_USB_Stack_v5.0/Src/output/twrk70f120m.gcc_arm/debug/usbh/bm/usbh.a(usb_host_dev_mng.o)
                0x00006718                usb_host_dev_mng_get_control_pipe
 .text.usb_host_dev_mng_get_level
                0x0000673c       0x28 C:/Freescale_BM_USB_Stack_v5.0/Src/output/twrk70f120m.gcc_arm/debug/usbh/bm/usbh.a(usb_host_dev_mng.o)
                0x0000673c                usb_host_dev_mng_get_level
 .text.usb_host_dev_mng_get_hs_hub_no
                0x00006764       0x28 C:/Freescale_BM_USB_Stack_v5.0/Src/output/twrk70f120m.gcc_arm/debug/usbh/bm/usbh.a(usb_host_dev_mng.o)
                0x00006764                usb_host_dev_mng_get_hs_hub_no
 .text.usb_host_dev_mng_get_hs_port_no
                0x0000678c       0x28 C:/Freescale_BM_USB_Stack_v5.0/Src/output/twrk70f120m.gcc_arm/debug/usbh/bm/usbh.a(usb_host_dev_mng.o)
                0x0000678c                usb_host_dev_mng_get_hs_port_no
 .text.usb_host_dev_mng_get_interface_info
                0x000067b4       0x94 C:/Freescale_BM_USB_Stack_v5.0/Src/output/twrk70f120m.gcc_arm/debug/usbh/bm/usbh.a(usb_host_dev_mng.o)
                0x000067b4                usb_host_dev_mng_get_interface_info
 .text.usb_host_dev_mng_attach
                0x00006848      0x2c0 C:/Freescale_BM_USB_Stack_v5.0/Src/output/twrk70f120m.gcc_arm/debug/usbh/bm/usbh.a(usb_host_dev_mng.o)
                0x00006848                usb_host_dev_mng_attach
 .text.usb_host_dev_mng_pre_detach
                0x00006b08      0x150 C:/Freescale_BM_USB_Stack_v5.0/Src/output/twrk70f120m.gcc_arm/debug/usbh/bm/usbh.a(usb_host_dev_mng.o)
                0x00006b08                usb_host_dev_mng_pre_detach
 .text.usb_host_dev_mng_detach
                0x00006c58       0x94 C:/Freescale_BM_USB_Stack_v5.0/Src/output/twrk70f120m.gcc_arm/debug/usbh/bm/usbh.a(usb_host_dev_mng.o)
                0x00006c58                usb_host_dev_mng_detach
 .text.usb_host_dev_mng_check_configuration
                0x00006cec      0x154 C:/Freescale_BM_USB_Stack_v5.0/Src/output/twrk70f120m.gcc_arm/debug/usbh/bm/usbh.a(usb_host_dev_mng.o)
                0x00006cec                usb_host_dev_mng_check_configuration
 .text.usb_host_dev_mng_parse_configuration_descriptor
                0x00006e40      0x2cc C:/Freescale_BM_USB_Stack_v5.0/Src/output/twrk70f120m.gcc_arm/debug/usbh/bm/usbh.a(usb_host_dev_mng.o)
                0x00006e40                usb_host_dev_mng_parse_configuration_descriptor
 .text.usb_host_dev_notify
                0x0000710c      0x168 C:/Freescale_BM_USB_Stack_v5.0/Src/output/twrk70f120m.gcc_arm/debug/usbh/bm/usbh.a(usb_host_dev_mng.o)
                0x0000710c                usb_host_dev_notify
 .text.usb_host_dev_get_instance
                0x00007274       0x98 C:/Freescale_BM_USB_Stack_v5.0/Src/output/twrk70f120m.gcc_arm/debug/usbh/bm/usbh.a(usb_host_dev_mng.o)
 .text.usb_class_hid_init
                0x0000730c      0x188 C:/Freescale_BM_USB_Stack_v5.0/Src/output/twrk70f120m.gcc_arm/debug/usbh/bm/usbh.a(usb_host_hid.o)
                0x0000730c                usb_class_hid_init
 .text.usb_class_hid_deinit
                0x00007494       0x6c C:/Freescale_BM_USB_Stack_v5.0/Src/output/twrk70f120m.gcc_arm/debug/usbh/bm/usbh.a(usb_host_hid.o)
                0x00007494                usb_class_hid_deinit
 .text.usb_class_hid_pre_deinit
                0x00007500       0x68 C:/Freescale_BM_USB_Stack_v5.0/Src/output/twrk70f120m.gcc_arm/debug/usbh/bm/usbh.a(usb_host_hid.o)
                0x00007500                usb_class_hid_pre_deinit
 .text.usb_class_hid_cntrl_callback
                0x00007568       0x80 C:/Freescale_BM_USB_Stack_v5.0/Src/output/twrk70f120m.gcc_arm/debug/usbh/bm/usbh.a(usb_host_hid.o)
 .text.usb_class_hid_recv_callback
                0x000075e8       0x58 C:/Freescale_BM_USB_Stack_v5.0/Src/output/twrk70f120m.gcc_arm/debug/usbh/bm/usbh.a(usb_host_hid.o)
 .text.usb_class_hid_cntrl_common
                0x00007640      0x164 C:/Freescale_BM_USB_Stack_v5.0/Src/output/twrk70f120m.gcc_arm/debug/usbh/bm/usbh.a(usb_host_hid.o)
 .text.usb_class_hid_recv_data
                0x000077a4       0xec C:/Freescale_BM_USB_Stack_v5.0/Src/output/twrk70f120m.gcc_arm/debug/usbh/bm/usbh.a(usb_host_hid.o)
                0x000077a4                usb_class_hid_recv_data
 .text.usb_class_hid_get_descriptor
                0x00007890       0x3c C:/Freescale_BM_USB_Stack_v5.0/Src/output/twrk70f120m.gcc_arm/debug/usbh/bm/usbh.a(usb_host_hid.o)
                0x00007890                usb_class_hid_get_descriptor
 .text.usb_class_hid_set_idle
                0x000078cc       0x48 C:/Freescale_BM_USB_Stack_v5.0/Src/output/twrk70f120m.gcc_arm/debug/usbh/bm/usbh.a(usb_host_hid.o)
                0x000078cc                usb_class_hid_set_idle
 .text.usb_class_hid_set_protocol
                0x00007914       0x38 C:/Freescale_BM_USB_Stack_v5.0/Src/output/twrk70f120m.gcc_arm/debug/usbh/bm/usbh.a(usb_host_hid.o)
                0x00007914                usb_class_hid_set_protocol
 .text.usb_host_hub_rescan
                0x0000794c       0xd8 C:/Freescale_BM_USB_Stack_v5.0/Src/output/twrk70f120m.gcc_arm/debug/usbh/bm/usbh.a(usb_host_hub_sm.o)
 .text.usb_host_hub_get_bitmap
                0x00007a24       0x7c C:/Freescale_BM_USB_Stack_v5.0/Src/output/twrk70f120m.gcc_arm/debug/usbh/bm/usbh.a(usb_host_hub_sm.o)
 .text.usb_host_hub_get_instance
                0x00007aa0       0x88 C:/Freescale_BM_USB_Stack_v5.0/Src/output/twrk70f120m.gcc_arm/debug/usbh/bm/usbh.a(usb_host_hub_sm.o)
                0x00007aa0                usb_host_hub_get_instance
 .text.usb_host_hub_create_instance
                0x00007b28      0x170 C:/Freescale_BM_USB_Stack_v5.0/Src/output/twrk70f120m.gcc_arm/debug/usbh/bm/usbh.a(usb_host_hub_sm.o)
 .text.usb_host_hub_destroy_instance
                0x00007c98       0x90 C:/Freescale_BM_USB_Stack_v5.0/Src/output/twrk70f120m.gcc_arm/debug/usbh/bm/usbh.a(usb_host_hub_sm.o)
                0x00007c98                usb_host_hub_destroy_instance
 .text.usb_hub_task
                0x00007d28       0xe8 C:/Freescale_BM_USB_Stack_v5.0/Src/output/twrk70f120m.gcc_arm/debug/usbh/bm/usbh.a(usb_host_hub_sm.o)
 .text.usb_host_hub_device_event
                0x00007e10      0x314 C:/Freescale_BM_USB_Stack_v5.0/Src/output/twrk70f120m.gcc_arm/debug/usbh/bm/usbh.a(usb_host_hub_sm.o)
                0x00007e10                usb_host_hub_device_event
 .text.usb_host_hub_device_sm
                0x00008124      0x988 C:/Freescale_BM_USB_Stack_v5.0/Src/output/twrk70f120m.gcc_arm/debug/usbh/bm/usbh.a(usb_host_hub_sm.o)
                0x00008124                usb_host_hub_device_sm
 .text.usb_host_hub_int_callback
                0x00008aac      0x1b4 C:/Freescale_BM_USB_Stack_v5.0/Src/output/twrk70f120m.gcc_arm/debug/usbh/bm/usbh.a(usb_host_hub_sm.o)
 .text.usb_host_hub_Port_Reset
                0x00008c60       0x44 C:/Freescale_BM_USB_Stack_v5.0/Src/output/twrk70f120m.gcc_arm/debug/usbh/bm/usbh.a(usb_host_hub_sm.o)
                0x00008c60                usb_host_hub_Port_Reset
 .text.usb_hal_ehci_set_usb_mode
                0x00008ca4       0x24 C:/Freescale_BM_USB_Stack_v5.0/Src/output/twrk70f120m.gcc_arm/debug/usbh/bm/usbh.a(ehci_host.o)
 .text.usb_hal_ehci_get_interrupt_status
                0x00008cc8       0x20 C:/Freescale_BM_USB_Stack_v5.0/Src/output/twrk70f120m.gcc_arm/debug/usbh/bm/usbh.a(ehci_host.o)
 .text.usb_hal_ehci_enable_interrupts
                0x00008ce8       0x30 C:/Freescale_BM_USB_Stack_v5.0/Src/output/twrk70f120m.gcc_arm/debug/usbh/bm/usbh.a(ehci_host.o)
 .text.usb_hal_ehci_interrupts_set
                0x00008d18       0x24 C:/Freescale_BM_USB_Stack_v5.0/Src/output/twrk70f120m.gcc_arm/debug/usbh/bm/usbh.a(ehci_host.o)
 .text.usb_hal_ehci_disable_interrupts
                0x00008d3c       0x34 C:/Freescale_BM_USB_Stack_v5.0/Src/output/twrk70f120m.gcc_arm/debug/usbh/bm/usbh.a(ehci_host.o)
 .text.usb_hal_ehci_initiate_detach_event
                0x00008d70       0x30 C:/Freescale_BM_USB_Stack_v5.0/Src/output/twrk70f120m.gcc_arm/debug/usbh/bm/usbh.a(ehci_host.o)
 .text.usb_hal_ehci_reset_controller
                0x00008da0       0x24 C:/Freescale_BM_USB_Stack_v5.0/Src/output/twrk70f120m.gcc_arm/debug/usbh/bm/usbh.a(ehci_host.o)
 .text.usb_hal_echi_clear_usb_cmd_async_sched_enable
                0x00008dc4       0x30 C:/Freescale_BM_USB_Stack_v5.0/Src/output/twrk70f120m.gcc_arm/debug/usbh/bm/usbh.a(ehci_host.o)
 .text.usb_hal_ehci_set_usb_cmd_async_sched_enable
                0x00008df4       0x30 C:/Freescale_BM_USB_Stack_v5.0/Src/output/twrk70f120m.gcc_arm/debug/usbh/bm/usbh.a(ehci_host.o)
 .text.usb_hal_ehci_clear_usb_cmd_periodic_sched_enable
                0x00008e24       0x30 C:/Freescale_BM_USB_Stack_v5.0/Src/output/twrk70f120m.gcc_arm/debug/usbh/bm/usbh.a(ehci_host.o)
 .text.usb_hal_ehci_set_usb_cmd
                0x00008e54       0x24 C:/Freescale_BM_USB_Stack_v5.0/Src/output/twrk70f120m.gcc_arm/debug/usbh/bm/usbh.a(ehci_host.o)
 .text.usb_hal_ehci_get_usb_cmd
                0x00008e78       0x20 C:/Freescale_BM_USB_Stack_v5.0/Src/output/twrk70f120m.gcc_arm/debug/usbh/bm/usbh.a(ehci_host.o)
 .text.usb_hal_ehci_set_usb_config
                0x00008e98       0x14 C:/Freescale_BM_USB_Stack_v5.0/Src/output/twrk70f120m.gcc_arm/debug/usbh/bm/usbh.a(ehci_host.o)
 .text.usb_hal_ehci_get_frame_index
                0x00008eac       0x20 C:/Freescale_BM_USB_Stack_v5.0/Src/output/twrk70f120m.gcc_arm/debug/usbh/bm/usbh.a(ehci_host.o)
 .text.usb_hal_ehci_get_port_status
                0x00008ecc       0x20 C:/Freescale_BM_USB_Stack_v5.0/Src/output/twrk70f120m.gcc_arm/debug/usbh/bm/usbh.a(ehci_host.o)
 .text.usb_hal_ehci_set_port_status
                0x00008eec       0x24 C:/Freescale_BM_USB_Stack_v5.0/Src/output/twrk70f120m.gcc_arm/debug/usbh/bm/usbh.a(ehci_host.o)
 .text.usb_hal_ehci_get_usb_status
                0x00008f10       0x20 C:/Freescale_BM_USB_Stack_v5.0/Src/output/twrk70f120m.gcc_arm/debug/usbh/bm/usbh.a(ehci_host.o)
 .text.usb_hal_ehci_clear_usb_status
                0x00008f30       0x24 C:/Freescale_BM_USB_Stack_v5.0/Src/output/twrk70f120m.gcc_arm/debug/usbh/bm/usbh.a(ehci_host.o)
 .text.usb_hal_ehci_get_hcsparams
                0x00008f54       0x20 C:/Freescale_BM_USB_Stack_v5.0/Src/output/twrk70f120m.gcc_arm/debug/usbh/bm/usbh.a(ehci_host.o)
 .text.usb_hal_ehci_set_qh_to_curr_async_list
                0x00008f74       0x24 C:/Freescale_BM_USB_Stack_v5.0/Src/output/twrk70f120m.gcc_arm/debug/usbh/bm/usbh.a(ehci_host.o)
 .text.usb_hal_ehci_get_curr_async_list
                0x00008f98       0x20 C:/Freescale_BM_USB_Stack_v5.0/Src/output/twrk70f120m.gcc_arm/debug/usbh/bm/usbh.a(ehci_host.o)
 .text.usb_hal_ehci_set_periodic_list_base_addr
                0x00008fb8       0x24 C:/Freescale_BM_USB_Stack_v5.0/Src/output/twrk70f120m.gcc_arm/debug/usbh/bm/usbh.a(ehci_host.o)
 .text.usb_hal_ehci_add_frame_list_pointer_ITD
                0x00008fdc       0x1c C:/Freescale_BM_USB_Stack_v5.0/Src/output/twrk70f120m.gcc_arm/debug/usbh/bm/usbh.a(ehci_host.o)
 .text.usb_hal_ehci_add_frame_list_pointer_SITD
                0x00008ff8       0x20 C:/Freescale_BM_USB_Stack_v5.0/Src/output/twrk70f120m.gcc_arm/debug/usbh/bm/usbh.a(ehci_host.o)
 .text.usb_hal_ehci_get_periodic_list_addr
                0x00009018       0x1c C:/Freescale_BM_USB_Stack_v5.0/Src/output/twrk70f120m.gcc_arm/debug/usbh/bm/usbh.a(ehci_host.o)
 .text.usb_hal_ehci_set_periodic_list_addr
                0x00009034       0x20 C:/Freescale_BM_USB_Stack_v5.0/Src/output/twrk70f120m.gcc_arm/debug/usbh/bm/usbh.a(ehci_host.o)
 .text.usb_hal_ehci_set_transfer_data_struct
                0x00009054       0x1c C:/Freescale_BM_USB_Stack_v5.0/Src/output/twrk70f120m.gcc_arm/debug/usbh/bm/usbh.a(ehci_host.o)
 .text.usb_hal_ehci_set_itd_next_link_pointer
                0x00009070       0x1c C:/Freescale_BM_USB_Stack_v5.0/Src/output/twrk70f120m.gcc_arm/debug/usbh/bm/usbh.a(ehci_host.o)
 .text.usb_hal_ehci_get_itd_next_link_pointer
                0x0000908c       0x1c C:/Freescale_BM_USB_Stack_v5.0/Src/output/twrk70f120m.gcc_arm/debug/usbh/bm/usbh.a(ehci_host.o)
 .text.usb_hal_ehci_set_ITD_terminate_bit
                0x000090a8       0x1c C:/Freescale_BM_USB_Stack_v5.0/Src/output/twrk70f120m.gcc_arm/debug/usbh/bm/usbh.a(ehci_host.o)
 .text.usb_hal_ehci_store_endpoint_number_and_device_addr
                0x000090c4       0x1c C:/Freescale_BM_USB_Stack_v5.0/Src/output/twrk70f120m.gcc_arm/debug/usbh/bm/usbh.a(ehci_host.o)
 .text.usb_hal_ehci_store_max_packet_size_and_direction
                0x000090e0       0x1c C:/Freescale_BM_USB_Stack_v5.0/Src/output/twrk70f120m.gcc_arm/debug/usbh/bm/usbh.a(ehci_host.o)
 .text.usb_hal_ehci_set_transaction_number_per_micro_frame
                0x000090fc       0x1c C:/Freescale_BM_USB_Stack_v5.0/Src/output/twrk70f120m.gcc_arm/debug/usbh/bm/usbh.a(ehci_host.o)
 .text.usb_hal_ehci_set_buffer_page_pointer
                0x00009118       0x2c C:/Freescale_BM_USB_Stack_v5.0/Src/output/twrk70f120m.gcc_arm/debug/usbh/bm/usbh.a(ehci_host.o)
 .text.usb_hal_ehci_get_buffer_page_pointer
                0x00009144       0x28 C:/Freescale_BM_USB_Stack_v5.0/Src/output/twrk70f120m.gcc_arm/debug/usbh/bm/usbh.a(ehci_host.o)
 .text.usb_hal_ehci_set_transcation_status_and_control_bit
                0x0000916c       0x28 C:/Freescale_BM_USB_Stack_v5.0/Src/output/twrk70f120m.gcc_arm/debug/usbh/bm/usbh.a(ehci_host.o)
 .text.usb_hal_ehci_set_transcation_status_active_bit
                0x00009194       0x34 C:/Freescale_BM_USB_Stack_v5.0/Src/output/twrk70f120m.gcc_arm/debug/usbh/bm/usbh.a(ehci_host.o)
 .text.usb_hal_ehci_get_transcation_status_ctl_list
                0x000091c8       0x24 C:/Freescale_BM_USB_Stack_v5.0/Src/output/twrk70f120m.gcc_arm/debug/usbh/bm/usbh.a(ehci_host.o)
 .text.usb_hal_ehci_set_itd_length_scheduled
                0x000091ec       0x1c C:/Freescale_BM_USB_Stack_v5.0/Src/output/twrk70f120m.gcc_arm/debug/usbh/bm/usbh.a(ehci_host.o)
 .text.usb_hal_ehci_set_sitd_next_link_pointer
                0x00009208       0x1c C:/Freescale_BM_USB_Stack_v5.0/Src/output/twrk70f120m.gcc_arm/debug/usbh/bm/usbh.a(ehci_host.o)
 .text.usb_hal_ehci_get_sitd_next_link_pointer
                0x00009224       0x1c C:/Freescale_BM_USB_Stack_v5.0/Src/output/twrk70f120m.gcc_arm/debug/usbh/bm/usbh.a(ehci_host.o)
 .text.usb_hal_ehci_get_sitd_transfer_state
                0x00009240       0x1c C:/Freescale_BM_USB_Stack_v5.0/Src/output/twrk70f120m.gcc_arm/debug/usbh/bm/usbh.a(ehci_host.o)
 .text.usb_hal_ehci_set_sitd_next_link_terminate_bit
                0x0000925c       0x1c C:/Freescale_BM_USB_Stack_v5.0/Src/output/twrk70f120m.gcc_arm/debug/usbh/bm/usbh.a(ehci_host.o)
 .text.usb_hal_ehci_set_sitd_back_pointer_terminate_bit
                0x00009278       0x1c C:/Freescale_BM_USB_Stack_v5.0/Src/output/twrk70f120m.gcc_arm/debug/usbh/bm/usbh.a(ehci_host.o)
 .text.usb_hal_ehci_set_sitd_ep_capab_charac
                0x00009294       0x1c C:/Freescale_BM_USB_Stack_v5.0/Src/output/twrk70f120m.gcc_arm/debug/usbh/bm/usbh.a(ehci_host.o)
 .text.usb_hal_ehci_set_sitd_uframe_sched_ctl
                0x000092b0       0x1c C:/Freescale_BM_USB_Stack_v5.0/Src/output/twrk70f120m.gcc_arm/debug/usbh/bm/usbh.a(ehci_host.o)
 .text.usb_hal_ehci_set_sitd_transfer_state
                0x000092cc       0x1c C:/Freescale_BM_USB_Stack_v5.0/Src/output/twrk70f120m.gcc_arm/debug/usbh/bm/usbh.a(ehci_host.o)
 .text.usb_hal_ehci_set_sitd_length_scheduled
                0x000092e8       0x1c C:/Freescale_BM_USB_Stack_v5.0/Src/output/twrk70f120m.gcc_arm/debug/usbh/bm/usbh.a(ehci_host.o)
 .text.usb_hal_ehci_get_sitd_length_scheduled
                0x00009304       0x1c C:/Freescale_BM_USB_Stack_v5.0/Src/output/twrk70f120m.gcc_arm/debug/usbh/bm/usbh.a(ehci_host.o)
 .text.usb_hal_ehci_get_sitd_buffer_ptr_0
                0x00009320       0x1c C:/Freescale_BM_USB_Stack_v5.0/Src/output/twrk70f120m.gcc_arm/debug/usbh/bm/usbh.a(ehci_host.o)
 .text.usb_hal_ehci_set_sitd_buffer_ptr_0
                0x0000933c       0x1c C:/Freescale_BM_USB_Stack_v5.0/Src/output/twrk70f120m.gcc_arm/debug/usbh/bm/usbh.a(ehci_host.o)
 .text.usb_hal_ehci_set_sitd_buffer_ptr_1
                0x00009358       0x1c C:/Freescale_BM_USB_Stack_v5.0/Src/output/twrk70f120m.gcc_arm/debug/usbh/bm/usbh.a(ehci_host.o)
 .text.usb_hal_ehci_set_qh_next_alt_qtd_link_terminate
                0x00009374       0x1c C:/Freescale_BM_USB_Stack_v5.0/Src/output/twrk70f120m.gcc_arm/debug/usbh/bm/usbh.a(ehci_host.o)
 .text.usb_hal_ehci_set_qh_next_qtd_link_ptr
                0x00009390       0x1c C:/Freescale_BM_USB_Stack_v5.0/Src/output/twrk70f120m.gcc_arm/debug/usbh/bm/usbh.a(ehci_host.o)
 .text.usb_hal_ehci_set_qh_next_qtd_link_terminate
                0x000093ac       0x1c C:/Freescale_BM_USB_Stack_v5.0/Src/output/twrk70f120m.gcc_arm/debug/usbh/bm/usbh.a(ehci_host.o)
 .text.usb_hal_ehci_get_next_qtd_link_ptr
                0x000093c8       0x1c C:/Freescale_BM_USB_Stack_v5.0/Src/output/twrk70f120m.gcc_arm/debug/usbh/bm/usbh.a(ehci_host.o)
 .text.usb_hal_ehci_clear_qh_status
                0x000093e4       0x1c C:/Freescale_BM_USB_Stack_v5.0/Src/output/twrk70f120m.gcc_arm/debug/usbh/bm/usbh.a(ehci_host.o)
 .text.usb_hal_ehci_get_qh_status
                0x00009400       0x1c C:/Freescale_BM_USB_Stack_v5.0/Src/output/twrk70f120m.gcc_arm/debug/usbh/bm/usbh.a(ehci_host.o)
 .text.usb_hal_ehci_set_qh_status
                0x0000941c       0x1c C:/Freescale_BM_USB_Stack_v5.0/Src/output/twrk70f120m.gcc_arm/debug/usbh/bm/usbh.a(ehci_host.o)
 .text.usb_hal_ehci_get_qh_horiz_link_ptr
                0x00009438       0x1c C:/Freescale_BM_USB_Stack_v5.0/Src/output/twrk70f120m.gcc_arm/debug/usbh/bm/usbh.a(ehci_host.o)
 .text.usb_hal_ehci_set_qh_horiz_link_ptr
                0x00009454       0x1c C:/Freescale_BM_USB_Stack_v5.0/Src/output/twrk70f120m.gcc_arm/debug/usbh/bm/usbh.a(ehci_host.o)
 .text.usb_hal_ehci_init_qh
                0x00009470       0x54 C:/Freescale_BM_USB_Stack_v5.0/Src/output/twrk70f120m.gcc_arm/debug/usbh/bm/usbh.a(ehci_host.o)
 .text.usb_hal_ehci_set_ep_capab_charac1
                0x000094c4       0x1c C:/Freescale_BM_USB_Stack_v5.0/Src/output/twrk70f120m.gcc_arm/debug/usbh/bm/usbh.a(ehci_host.o)
 .text.usb_hal_ehci_get_ep_capab_charac1
                0x000094e0       0x1c C:/Freescale_BM_USB_Stack_v5.0/Src/output/twrk70f120m.gcc_arm/debug/usbh/bm/usbh.a(ehci_host.o)
 .text.usb_hal_ehci_set_ep_capab_charac2
                0x000094fc       0x1c C:/Freescale_BM_USB_Stack_v5.0/Src/output/twrk70f120m.gcc_arm/debug/usbh/bm/usbh.a(ehci_host.o)
 .text.usb_hal_ehci_set_qh_horiz_link_ptr_head_pointer_terminate
                0x00009518       0x1c C:/Freescale_BM_USB_Stack_v5.0/Src/output/twrk70f120m.gcc_arm/debug/usbh/bm/usbh.a(ehci_host.o)
 .text.usb_hal_ehci_set_qtd_buffer_page_pointer
                0x00009534       0x4c C:/Freescale_BM_USB_Stack_v5.0/Src/output/twrk70f120m.gcc_arm/debug/usbh/bm/usbh.a(ehci_host.o)
 .text.usb_hal_ehci_set_qtd_token
                0x00009580       0x1c C:/Freescale_BM_USB_Stack_v5.0/Src/output/twrk70f120m.gcc_arm/debug/usbh/bm/usbh.a(ehci_host.o)
 .text.usb_hal_ehci_clear_qtd_token_bits
                0x0000959c       0x28 C:/Freescale_BM_USB_Stack_v5.0/Src/output/twrk70f120m.gcc_arm/debug/usbh/bm/usbh.a(ehci_host.o)
 .text.usb_hal_ehci_get_qtd_token
                0x000095c4       0x1c C:/Freescale_BM_USB_Stack_v5.0/Src/output/twrk70f120m.gcc_arm/debug/usbh/bm/usbh.a(ehci_host.o)
 .text.usb_hal_ehci_set_qtd_terminate_bit
                0x000095e0       0x1c C:/Freescale_BM_USB_Stack_v5.0/Src/output/twrk70f120m.gcc_arm/debug/usbh/bm/usbh.a(ehci_host.o)
 .text.usb_hal_ehci_get_next_qtd_ptr
                0x000095fc       0x1c C:/Freescale_BM_USB_Stack_v5.0/Src/output/twrk70f120m.gcc_arm/debug/usbh/bm/usbh.a(ehci_host.o)
 .text.usb_hal_ehci_set_alt_next_qtd_terminate_bit
                0x00009618       0x1c C:/Freescale_BM_USB_Stack_v5.0/Src/output/twrk70f120m.gcc_arm/debug/usbh/bm/usbh.a(ehci_host.o)
 .text.usb_hal_ehci_link_qtd
                0x00009634       0x1c C:/Freescale_BM_USB_Stack_v5.0/Src/output/twrk70f120m.gcc_arm/debug/usbh/bm/usbh.a(ehci_host.o)
 .text._usb_ehci_send_data
                0x00009650       0x24 C:/Freescale_BM_USB_Stack_v5.0/Src/output/twrk70f120m.gcc_arm/debug/usbh/bm/usbh.a(ehci_host.o)
                0x00009650                _usb_ehci_send_data
 .text._usb_ehci_send_setup
                0x00009674       0x24 C:/Freescale_BM_USB_Stack_v5.0/Src/output/twrk70f120m.gcc_arm/debug/usbh/bm/usbh.a(ehci_host.o)
                0x00009674                _usb_ehci_send_setup
 .text._usb_ehci_recv_data
                0x00009698       0x24 C:/Freescale_BM_USB_Stack_v5.0/Src/output/twrk70f120m.gcc_arm/debug/usbh/bm/usbh.a(ehci_host.o)
                0x00009698                _usb_ehci_recv_data
 .text._usb_ehci_queue_pkts
                0x000096bc       0x7c C:/Freescale_BM_USB_Stack_v5.0/Src/output/twrk70f120m.gcc_arm/debug/usbh/bm/usbh.a(ehci_host.o)
                0x000096bc                _usb_ehci_queue_pkts
 .text._usb_ehci_link_qtd_to_qh
                0x00009738       0xd0 C:/Freescale_BM_USB_Stack_v5.0/Src/output/twrk70f120m.gcc_arm/debug/usbh/bm/usbh.a(ehci_host.o)
                0x00009738                _usb_ehci_link_qtd_to_qh
 .text._usb_ehci_link_qh_to_async_active_list
                0x00009808       0xcc C:/Freescale_BM_USB_Stack_v5.0/Src/output/twrk70f120m.gcc_arm/debug/usbh/bm/usbh.a(ehci_host.o)
                0x00009808                _usb_ehci_link_qh_to_async_active_list
 .text._usb_ehci_unlink_qh_from_async_active_list
                0x000098d4       0xe0 C:/Freescale_BM_USB_Stack_v5.0/Src/output/twrk70f120m.gcc_arm/debug/usbh/bm/usbh.a(ehci_host.o)
                0x000098d4                _usb_ehci_unlink_qh_from_async_active_list
 .text._usb_ehci_init_qh
                0x000099b4      0x1ec C:/Freescale_BM_USB_Stack_v5.0/Src/output/twrk70f120m.gcc_arm/debug/usbh/bm/usbh.a(ehci_host.o)
                0x000099b4                _usb_ehci_init_qh
 .text._usb_ehci_init_qtd
                0x00009ba0       0x74 C:/Freescale_BM_USB_Stack_v5.0/Src/output/twrk70f120m.gcc_arm/debug/usbh/bm/usbh.a(ehci_host.o)
                0x00009ba0                _usb_ehci_init_qtd
 .text._usb_ehci_init_qtd_link
                0x00009c14      0x2d0 C:/Freescale_BM_USB_Stack_v5.0/Src/output/twrk70f120m.gcc_arm/debug/usbh/bm/usbh.a(ehci_host.o)
                0x00009c14                _usb_ehci_init_qtd_link
 .text._usb_ehci_add_xfer_to_asynch_schedule_list
                0x00009ee4      0x13c C:/Freescale_BM_USB_Stack_v5.0/Src/output/twrk70f120m.gcc_arm/debug/usbh/bm/usbh.a(ehci_host.o)
                0x00009ee4                _usb_ehci_add_xfer_to_asynch_schedule_list
 .text._usb_ehci_add_interrupt_xfer_to_periodic_list
                0x0000a020       0xec C:/Freescale_BM_USB_Stack_v5.0/Src/output/twrk70f120m.gcc_arm/debug/usbh/bm/usbh.a(ehci_host.o)
                0x0000a020                _usb_ehci_add_interrupt_xfer_to_periodic_list
 .text._usb_ehci_process_port_change
                0x0000a10c      0x290 C:/Freescale_BM_USB_Stack_v5.0/Src/output/twrk70f120m.gcc_arm/debug/usbh/bm/usbh.a(ehci_host.o)
                0x0000a10c                _usb_ehci_process_port_change
 .text._usb_ehci_reset_and_enable_port
                0x0000a39c       0xb0 C:/Freescale_BM_USB_Stack_v5.0/Src/output/twrk70f120m.gcc_arm/debug/usbh/bm/usbh.a(ehci_host.o)
                0x0000a39c                _usb_ehci_reset_and_enable_port
 .text._usb_host_process_reset_recovery_done
                0x0000a44c       0x5c C:/Freescale_BM_USB_Stack_v5.0/Src/output/twrk70f120m.gcc_arm/debug/usbh/bm/usbh.a(ehci_host.o)
                0x0000a44c                _usb_host_process_reset_recovery_done
 .text._usb_ehci_isr
                0x0000a4a8      0x104 C:/Freescale_BM_USB_Stack_v5.0/Src/output/twrk70f120m.gcc_arm/debug/usbh/bm/usbh.a(ehci_host.o)
                0x0000a4a8                _usb_ehci_isr
 .text._usb_ehci_host_task
                0x0000a5ac      0x1f0 C:/Freescale_BM_USB_Stack_v5.0/Src/output/twrk70f120m.gcc_arm/debug/usbh/bm/usbh.a(ehci_host.o)
 .text._usb_ehci_host_task_create
                0x0000a79c       0x60 C:/Freescale_BM_USB_Stack_v5.0/Src/output/twrk70f120m.gcc_arm/debug/usbh/bm/usbh.a(ehci_host.o)
 .text._usb_ehci_preinit
                0x0000a7fc       0xb0 C:/Freescale_BM_USB_Stack_v5.0/Src/output/twrk70f120m.gcc_arm/debug/usbh/bm/usbh.a(ehci_host.o)
                0x0000a7fc                _usb_ehci_preinit
 .text._usb_ehci_init
                0x0000a8ac      0x634 C:/Freescale_BM_USB_Stack_v5.0/Src/output/twrk70f120m.gcc_arm/debug/usbh/bm/usbh.a(ehci_host.o)
                0x0000a8ac                _usb_ehci_init
 .text._usb_ehci_get_qtd
                0x0000aee0       0xd0 C:/Freescale_BM_USB_Stack_v5.0/Src/output/twrk70f120m.gcc_arm/debug/usbh/bm/usbh.a(ehci_host.o)
                0x0000aee0                _usb_ehci_get_qtd
 .text._usb_ehci_free_qtd
                0x0000afb0       0x74 C:/Freescale_BM_USB_Stack_v5.0/Src/output/twrk70f120m.gcc_arm/debug/usbh/bm/usbh.a(ehci_host.o)
                0x0000afb0                _usb_ehci_free_qtd
 .text._usb_ehci_get_qh
                0x0000b024       0xb4 C:/Freescale_BM_USB_Stack_v5.0/Src/output/twrk70f120m.gcc_arm/debug/usbh/bm/usbh.a(ehci_host.o)
                0x0000b024                _usb_ehci_get_qh
 .text._usb_ehci_free_qh
                0x0000b0d8       0x60 C:/Freescale_BM_USB_Stack_v5.0/Src/output/twrk70f120m.gcc_arm/debug/usbh/bm/usbh.a(ehci_host.o)
                0x0000b0d8                _usb_ehci_free_qh
 .text._usb_ehci_free_resources
                0x0000b138      0x13c C:/Freescale_BM_USB_Stack_v5.0/Src/output/twrk70f120m.gcc_arm/debug/usbh/bm/usbh.a(ehci_host.o)
                0x0000b138                _usb_ehci_free_resources
 .text._usb_ehci_process_tr_complete
                0x0000b274       0x58 C:/Freescale_BM_USB_Stack_v5.0/Src/output/twrk70f120m.gcc_arm/debug/usbh/bm/usbh.a(ehci_host.o)
                0x0000b274                _usb_ehci_process_tr_complete
 .text._usb_ehci_process_qh_list_tr_complete
                0x0000b2cc      0x408 C:/Freescale_BM_USB_Stack_v5.0/Src/output/twrk70f120m.gcc_arm/debug/usbh/bm/usbh.a(ehci_host.o)
                0x0000b2cc                _usb_ehci_process_qh_list_tr_complete
 .text._usb_ehci_process_qh_interrupt_tr_complete
                0x0000b6d4      0x2b0 C:/Freescale_BM_USB_Stack_v5.0/Src/output/twrk70f120m.gcc_arm/debug/usbh/bm/usbh.a(ehci_host.o)
                0x0000b6d4                _usb_ehci_process_qh_interrupt_tr_complete
 .text._usb_host_delay
                0x0000b984       0x6c C:/Freescale_BM_USB_Stack_v5.0/Src/output/twrk70f120m.gcc_arm/debug/usbh/bm/usbh.a(ehci_host.o)
                0x0000b984                _usb_host_delay
 .text._get_roundup_pow2
                0x0000b9f0       0x4c C:/Freescale_BM_USB_Stack_v5.0/Src/output/twrk70f120m.gcc_arm/debug/usbh/bm/usbh.a(ehci_host.o)
                0x0000b9f0                _get_roundup_pow2
 .text._usb_ehci_open_pipe
                0x0000ba3c      0x1d8 C:/Freescale_BM_USB_Stack_v5.0/Src/output/twrk70f120m.gcc_arm/debug/usbh/bm/usbh.a(ehci_host.o)
                0x0000ba3c                _usb_ehci_open_pipe
 .text._usb_ehci_close_pipe
                0x0000bc14      0x15c C:/Freescale_BM_USB_Stack_v5.0/Src/output/twrk70f120m.gcc_arm/debug/usbh/bm/usbh.a(ehci_host.o)
                0x0000bc14                _usb_ehci_close_pipe
 .text._usb_ehci_update_dev_address
                0x0000bd70       0xe4 C:/Freescale_BM_USB_Stack_v5.0/Src/output/twrk70f120m.gcc_arm/debug/usbh/bm/usbh.a(ehci_host.o)
                0x0000bd70                _usb_ehci_update_dev_address
 .text._usb_ehci_process_timer
                0x0000be54       0x14 C:/Freescale_BM_USB_Stack_v5.0/Src/output/twrk70f120m.gcc_arm/debug/usbh/bm/usbh.a(ehci_host.o)
                0x0000be54                _usb_ehci_process_timer
 .text._usb_ehci_cancel_transfer
                0x0000be68      0x408 C:/Freescale_BM_USB_Stack_v5.0/Src/output/twrk70f120m.gcc_arm/debug/usbh/bm/usbh.a(ehci_host.o)
                0x0000be68                _usb_ehci_cancel_transfer
 .text._usb_ehci_calculate_uframe_tr_time
                0x0000c270       0xc8 C:/Freescale_BM_USB_Stack_v5.0/Src/output/twrk70f120m.gcc_arm/debug/usbh/bm/usbh.a(ehci_host.o)
                0x0000c270                _usb_ehci_calculate_uframe_tr_time
 .text._usb_ehci_get_frame_number
                0x0000c338       0x30 C:/Freescale_BM_USB_Stack_v5.0/Src/output/twrk70f120m.gcc_arm/debug/usbh/bm/usbh.a(ehci_host.o)
                0x0000c338                _usb_ehci_get_frame_number
 .text._usb_ehci_get_micro_frame_number
                0x0000c368       0x28 C:/Freescale_BM_USB_Stack_v5.0/Src/output/twrk70f120m.gcc_arm/debug/usbh/bm/usbh.a(ehci_host.o)
                0x0000c368                _usb_ehci_get_micro_frame_number
 .text._usb_ehci_init_periodic_list
                0x0000c390      0x1bc C:/Freescale_BM_USB_Stack_v5.0/Src/output/twrk70f120m.gcc_arm/debug/usbh/bm/usbh.a(ehci_host.o)
                0x0000c390                _usb_ehci_init_periodic_list
 .text._usb_ehci_allocate_bandwidth
                0x0000c54c       0x94 C:/Freescale_BM_USB_Stack_v5.0/Src/output/twrk70f120m.gcc_arm/debug/usbh/bm/usbh.a(ehci_host.o)
                0x0000c54c                _usb_ehci_allocate_bandwidth
 .text._usb_ehci_commit_split_bandwidth
                0x0000c5e0      0x104 C:/Freescale_BM_USB_Stack_v5.0/Src/output/twrk70f120m.gcc_arm/debug/usbh/bm/usbh.a(ehci_host.o)
 .text._usb_ehci_free_split_bandwidth
                0x0000c6e4       0xbc C:/Freescale_BM_USB_Stack_v5.0/Src/output/twrk70f120m.gcc_arm/debug/usbh/bm/usbh.a(ehci_host.o)
 .text._usb_ehci_commit_high_speed_bandwidth
                0x0000c7a0      0x260 C:/Freescale_BM_USB_Stack_v5.0/Src/output/twrk70f120m.gcc_arm/debug/usbh/bm/usbh.a(ehci_host.o)
 .text._usb_ehci_free_high_speed_bandwidth
                0x0000ca00       0x90 C:/Freescale_BM_USB_Stack_v5.0/Src/output/twrk70f120m.gcc_arm/debug/usbh/bm/usbh.a(ehci_host.o)
 .text._usb_ehci_commit_bandwidth_slots
                0x0000ca90      0x660 C:/Freescale_BM_USB_Stack_v5.0/Src/output/twrk70f120m.gcc_arm/debug/usbh/bm/usbh.a(ehci_host.o)
 .text._usb_ehci_get_link_obj_interval
                0x0000d0f0       0x78 C:/Freescale_BM_USB_Stack_v5.0/Src/output/twrk70f120m.gcc_arm/debug/usbh/bm/usbh.a(ehci_host.o)
 .text.link_interrupt_qh_to_periodiclist
                0x0000d168      0x1a4 C:/Freescale_BM_USB_Stack_v5.0/Src/output/twrk70f120m.gcc_arm/debug/usbh/bm/usbh.a(ehci_host.o)
 .text.unlink_interrupt_qh_from_periodiclist
                0x0000d30c      0x190 C:/Freescale_BM_USB_Stack_v5.0/Src/output/twrk70f120m.gcc_arm/debug/usbh/bm/usbh.a(ehci_host.o)
 .text.allocate_ss_cs_bandwidth
                0x0000d49c       0x60 C:/Freescale_BM_USB_Stack_v5.0/Src/output/twrk70f120m.gcc_arm/debug/usbh/bm/usbh.a(ehci_host.o)
 .text.split_combinations
                0x0000d4fc       0xd8 C:/Freescale_BM_USB_Stack_v5.0/Src/output/twrk70f120m.gcc_arm/debug/usbh/bm/usbh.a(ehci_host.o)
 .text._usb_ehci_close_interrupt_pipe
                0x0000d5d4       0x3c C:/Freescale_BM_USB_Stack_v5.0/Src/output/twrk70f120m.gcc_arm/debug/usbh/bm/usbh.a(ehci_host.o)
                0x0000d5d4                _usb_ehci_close_interrupt_pipe
 .text._usb_ehci_link_structure_in_periodic_list
                0x0000d610      0x2ac C:/Freescale_BM_USB_Stack_v5.0/Src/output/twrk70f120m.gcc_arm/debug/usbh/bm/usbh.a(ehci_host.o)
                0x0000d610                _usb_ehci_link_structure_in_periodic_list
 .text._usb_ehci_add_ITD
                0x0000d8bc      0x4cc C:/Freescale_BM_USB_Stack_v5.0/Src/output/twrk70f120m.gcc_arm/debug/usbh/bm/usbh.a(ehci_host.o)
                0x0000d8bc                _usb_ehci_add_ITD
 .text._usb_ehci_add_SITD
                0x0000dd88      0x4a0 C:/Freescale_BM_USB_Stack_v5.0/Src/output/twrk70f120m.gcc_arm/debug/usbh/bm/usbh.a(ehci_host.o)
                0x0000dd88                _usb_ehci_add_SITD
 .text._usb_ehci_add_isochronous_xfer_to_periodic_schedule_list
                0x0000e228       0xbc C:/Freescale_BM_USB_Stack_v5.0/Src/output/twrk70f120m.gcc_arm/debug/usbh/bm/usbh.a(ehci_host.o)
                0x0000e228                _usb_ehci_add_isochronous_xfer_to_periodic_schedule_list
 .text._usb_ehci_process_itd_tr_complete
                0x0000e2e4      0x3d4 C:/Freescale_BM_USB_Stack_v5.0/Src/output/twrk70f120m.gcc_arm/debug/usbh/bm/usbh.a(ehci_host.o)
                0x0000e2e4                _usb_ehci_process_itd_tr_complete
 .text._usb_ehci_process_sitd_tr_complete
                0x0000e6b8      0x320 C:/Freescale_BM_USB_Stack_v5.0/Src/output/twrk70f120m.gcc_arm/debug/usbh/bm/usbh.a(ehci_host.o)
                0x0000e6b8                _usb_ehci_process_sitd_tr_complete
 .text._usb_ehci_free_ITD
                0x0000e9d8       0x60 C:/Freescale_BM_USB_Stack_v5.0/Src/output/twrk70f120m.gcc_arm/debug/usbh/bm/usbh.a(ehci_host.o)
                0x0000e9d8                _usb_ehci_free_ITD
 .text._usb_ehci_free_SITD
                0x0000ea38       0x6c C:/Freescale_BM_USB_Stack_v5.0/Src/output/twrk70f120m.gcc_arm/debug/usbh/bm/usbh.a(ehci_host.o)
                0x0000ea38                _usb_ehci_free_SITD
 .text._usb_ehci_close_isochronous_pipe
                0x0000eaa4      0x58c C:/Freescale_BM_USB_Stack_v5.0/Src/output/twrk70f120m.gcc_arm/debug/usbh/bm/usbh.a(ehci_host.o)
                0x0000eaa4                _usb_ehci_close_isochronous_pipe
 .text._usb_ehci_shutdown
                0x0000f030      0x120 C:/Freescale_BM_USB_Stack_v5.0/Src/output/twrk70f120m.gcc_arm/debug/usbh/bm/usbh.a(ehci_host.o)
                0x0000f030                _usb_ehci_shutdown
 .text._usb_ehci_bus_control
                0x0000f150       0x3c C:/Freescale_BM_USB_Stack_v5.0/Src/output/twrk70f120m.gcc_arm/debug/usbh/bm/usbh.a(ehci_host.o)
                0x0000f150                _usb_ehci_bus_control
 .text._usb_ehci_bus_suspend
                0x0000f18c       0xb0 C:/Freescale_BM_USB_Stack_v5.0/Src/output/twrk70f120m.gcc_arm/debug/usbh/bm/usbh.a(ehci_host.o)
                0x0000f18c                _usb_ehci_bus_suspend
 .text.usb_hal_khci_set_buffer_descriptor_table_addr
                0x0000f23c       0x4c C:/Freescale_BM_USB_Stack_v5.0/Src/output/twrk70f120m.gcc_arm/debug/usbh/bm/usbh.a(khci.o)
 .text.usb_hal_khci_enable_interrupts
                0x0000f288       0x34 C:/Freescale_BM_USB_Stack_v5.0/Src/output/twrk70f120m.gcc_arm/debug/usbh/bm/usbh.a(khci.o)
 .text.usb_hal_khci_disable_interrupts
                0x0000f2bc       0x3c C:/Freescale_BM_USB_Stack_v5.0/Src/output/twrk70f120m.gcc_arm/debug/usbh/bm/usbh.a(khci.o)
 .text.usb_hal_khci_get_interrupt_status
                0x0000f2f8       0x20 C:/Freescale_BM_USB_Stack_v5.0/Src/output/twrk70f120m.gcc_arm/debug/usbh/bm/usbh.a(khci.o)
 .text.usb_hal_khci_get_interrupt_enable_status
                0x0000f318       0x20 C:/Freescale_BM_USB_Stack_v5.0/Src/output/twrk70f120m.gcc_arm/debug/usbh/bm/usbh.a(khci.o)
 .text.usb_hal_khci_clr_interrupt
                0x0000f338       0x24 C:/Freescale_BM_USB_Stack_v5.0/Src/output/twrk70f120m.gcc_arm/debug/usbh/bm/usbh.a(khci.o)
 .text.usb_hal_khci_clr_all_interrupts
                0x0000f35c       0x20 C:/Freescale_BM_USB_Stack_v5.0/Src/output/twrk70f120m.gcc_arm/debug/usbh/bm/usbh.a(khci.o)
 .text.usb_hal_khci_is_interrupt_issued
                0x0000f37c       0x3c C:/Freescale_BM_USB_Stack_v5.0/Src/output/twrk70f120m.gcc_arm/debug/usbh/bm/usbh.a(khci.o)
 .text.usb_hal_khci_get_error_interrupt_status
                0x0000f3b8       0x20 C:/Freescale_BM_USB_Stack_v5.0/Src/output/twrk70f120m.gcc_arm/debug/usbh/bm/usbh.a(khci.o)
 .text.usb_hal_khci_clr_all_error_interrupts
                0x0000f3d8       0x20 C:/Freescale_BM_USB_Stack_v5.0/Src/output/twrk70f120m.gcc_arm/debug/usbh/bm/usbh.a(khci.o)
 .text.usb_hal_khci_is_error_happend
                0x0000f3f8       0x2c C:/Freescale_BM_USB_Stack_v5.0/Src/output/twrk70f120m.gcc_arm/debug/usbh/bm/usbh.a(khci.o)
 .text.usb_hal_khci_is_token_busy
                0x0000f424       0x28 C:/Freescale_BM_USB_Stack_v5.0/Src/output/twrk70f120m.gcc_arm/debug/usbh/bm/usbh.a(khci.o)
 .text.usb_hal_khci_set_oddrst
                0x0000f44c       0x30 C:/Freescale_BM_USB_Stack_v5.0/Src/output/twrk70f120m.gcc_arm/debug/usbh/bm/usbh.a(khci.o)
 .text.usb_hal_khci_start_bus_reset
                0x0000f47c       0x30 C:/Freescale_BM_USB_Stack_v5.0/Src/output/twrk70f120m.gcc_arm/debug/usbh/bm/usbh.a(khci.o)
 .text.usb_hal_khci_stop_bus_reset
                0x0000f4ac       0x30 C:/Freescale_BM_USB_Stack_v5.0/Src/output/twrk70f120m.gcc_arm/debug/usbh/bm/usbh.a(khci.o)
 .text.usb_hal_khci_set_host_mode
                0x0000f4dc       0x20 C:/Freescale_BM_USB_Stack_v5.0/Src/output/twrk70f120m.gcc_arm/debug/usbh/bm/usbh.a(khci.o)
 .text.usb_hal_khci_enable_sof
                0x0000f4fc       0x30 C:/Freescale_BM_USB_Stack_v5.0/Src/output/twrk70f120m.gcc_arm/debug/usbh/bm/usbh.a(khci.o)
 .text.usb_hal_khci_clear_control_register
                0x0000f52c       0x2c C:/Freescale_BM_USB_Stack_v5.0/Src/output/twrk70f120m.gcc_arm/debug/usbh/bm/usbh.a(khci.o)
 .text.usb_hal_khci_get_line_status
                0x0000f558       0x30 C:/Freescale_BM_USB_Stack_v5.0/Src/output/twrk70f120m.gcc_arm/debug/usbh/bm/usbh.a(khci.o)
 .text.usb_hal_khci_get_frame_number
                0x0000f588       0x3c C:/Freescale_BM_USB_Stack_v5.0/Src/output/twrk70f120m.gcc_arm/debug/usbh/bm/usbh.a(khci.o)
 .text.usb_hal_khci_set_device_addr
                0x0000f5c4       0x40 C:/Freescale_BM_USB_Stack_v5.0/Src/output/twrk70f120m.gcc_arm/debug/usbh/bm/usbh.a(khci.o)
 .text.usb_hal_khci_endpoint0_init
                0x0000f604       0x44 C:/Freescale_BM_USB_Stack_v5.0/Src/output/twrk70f120m.gcc_arm/debug/usbh/bm/usbh.a(khci.o)
 .text.usb_hal_khci_endpoint_on_hub
                0x0000f648       0x44 C:/Freescale_BM_USB_Stack_v5.0/Src/output/twrk70f120m.gcc_arm/debug/usbh/bm/usbh.a(khci.o)
 .text.usb_hal_khci_enable_low_speed_support
                0x0000f68c       0x30 C:/Freescale_BM_USB_Stack_v5.0/Src/output/twrk70f120m.gcc_arm/debug/usbh/bm/usbh.a(khci.o)
 .text.usb_hal_khci_disable_low_speed_support
                0x0000f6bc       0x30 C:/Freescale_BM_USB_Stack_v5.0/Src/output/twrk70f120m.gcc_arm/debug/usbh/bm/usbh.a(khci.o)
 .text.usb_hal_khci_enable_pull_down
                0x0000f6ec       0x30 C:/Freescale_BM_USB_Stack_v5.0/Src/output/twrk70f120m.gcc_arm/debug/usbh/bm/usbh.a(khci.o)
 .text.usb_hal_khci_set_suspend
                0x0000f71c       0x30 C:/Freescale_BM_USB_Stack_v5.0/Src/output/twrk70f120m.gcc_arm/debug/usbh/bm/usbh.a(khci.o)
 .text.usb_hal_khci_clr_suspend
                0x0000f74c       0x30 C:/Freescale_BM_USB_Stack_v5.0/Src/output/twrk70f120m.gcc_arm/debug/usbh/bm/usbh.a(khci.o)
 .text.usb_hal_khci_set_sof_theshold
                0x0000f77c       0x24 C:/Freescale_BM_USB_Stack_v5.0/Src/output/twrk70f120m.gcc_arm/debug/usbh/bm/usbh.a(khci.o)
 .text.usb_hal_khci_set_target_token
                0x0000f7a0       0x34 C:/Freescale_BM_USB_Stack_v5.0/Src/output/twrk70f120m.gcc_arm/debug/usbh/bm/usbh.a(khci.o)
 .text._usb_khci_get_total_frame_count
                0x0000f7d4       0x70 C:/Freescale_BM_USB_Stack_v5.0/Src/output/twrk70f120m.gcc_arm/debug/usbh/bm/usbh.a(khci.o)
 .text._usb_khci_isr
                0x0000f844       0xc8 C:/Freescale_BM_USB_Stack_v5.0/Src/output/twrk70f120m.gcc_arm/debug/usbh/bm/usbh.a(khci.o)
                0x0000f844                _usb_khci_isr
 .text._usb_khci_init_tr_que
                0x0000f90c       0x70 C:/Freescale_BM_USB_Stack_v5.0/Src/output/twrk70f120m.gcc_arm/debug/usbh/bm/usbh.a(khci.o)
 .text._usb_khci_add_tr
                0x0000f97c       0xa4 C:/Freescale_BM_USB_Stack_v5.0/Src/output/twrk70f120m.gcc_arm/debug/usbh/bm/usbh.a(khci.o)
 .text._usb_khci_rm_tr
                0x0000fa20       0x8c C:/Freescale_BM_USB_Stack_v5.0/Src/output/twrk70f120m.gcc_arm/debug/usbh/bm/usbh.a(khci.o)
 .text._usb_khci_get_hot_tr
                0x0000faac       0xe0 C:/Freescale_BM_USB_Stack_v5.0/Src/output/twrk70f120m.gcc_arm/debug/usbh/bm/usbh.a(khci.o)
 .text._usb_khci_attach
                0x0000fb8c      0x190 C:/Freescale_BM_USB_Stack_v5.0/Src/output/twrk70f120m.gcc_arm/debug/usbh/bm/usbh.a(khci.o)
 .text._usb_khci_reset
                0x0000fd1c       0x78 C:/Freescale_BM_USB_Stack_v5.0/Src/output/twrk70f120m.gcc_arm/debug/usbh/bm/usbh.a(khci.o)
 .text._usb_khci_detach
                0x0000fd94       0x78 C:/Freescale_BM_USB_Stack_v5.0/Src/output/twrk70f120m.gcc_arm/debug/usbh/bm/usbh.a(khci.o)
 .text._usb_khci_handle_iso_msg
                0x0000fe0c      0x188 C:/Freescale_BM_USB_Stack_v5.0/Src/output/twrk70f120m.gcc_arm/debug/usbh/bm/usbh.a(khci.o)
                0x0000fe0c                _usb_khci_handle_iso_msg
 .text._usb_process_iso_tr
                0x0000ff94       0xa4 C:/Freescale_BM_USB_Stack_v5.0/Src/output/twrk70f120m.gcc_arm/debug/usbh/bm/usbh.a(khci.o)
                0x0000ff94                _usb_process_iso_tr
 .text._usb_khci_task
                0x00010038      0xfb8 C:/Freescale_BM_USB_Stack_v5.0/Src/output/twrk70f120m.gcc_arm/debug/usbh/bm/usbh.a(khci.o)
 .text._usb_khci_task_create
                0x00010ff0       0x60 C:/Freescale_BM_USB_Stack_v5.0/Src/output/twrk70f120m.gcc_arm/debug/usbh/bm/usbh.a(khci.o)
 .text._usb_khci_preinit
                0x00011050       0xd8 C:/Freescale_BM_USB_Stack_v5.0/Src/output/twrk70f120m.gcc_arm/debug/usbh/bm/usbh.a(khci.o)
 .text._usb_khci_init
                0x00011128      0x1e4 C:/Freescale_BM_USB_Stack_v5.0/Src/output/twrk70f120m.gcc_arm/debug/usbh/bm/usbh.a(khci.o)
 .text._usb_khci_shutdown
                0x0001130c      0x13c C:/Freescale_BM_USB_Stack_v5.0/Src/output/twrk70f120m.gcc_arm/debug/usbh/bm/usbh.a(khci.o)
 .text._usb_khci_open_pipe
                0x00011448       0xec C:/Freescale_BM_USB_Stack_v5.0/Src/output/twrk70f120m.gcc_arm/debug/usbh/bm/usbh.a(khci.o)
                0x00011448                _usb_khci_open_pipe
 .text._usb_khci_close_pipe
                0x00011534       0xe8 C:/Freescale_BM_USB_Stack_v5.0/Src/output/twrk70f120m.gcc_arm/debug/usbh/bm/usbh.a(khci.o)
                0x00011534                _usb_khci_close_pipe
 .text._usb_khci_send
                0x0001161c       0xd4 C:/Freescale_BM_USB_Stack_v5.0/Src/output/twrk70f120m.gcc_arm/debug/usbh/bm/usbh.a(khci.o)
 .text._usb_khci_send_setup
                0x000116f0       0xb4 C:/Freescale_BM_USB_Stack_v5.0/Src/output/twrk70f120m.gcc_arm/debug/usbh/bm/usbh.a(khci.o)
 .text._usb_khci_recv
                0x000117a4       0xd4 C:/Freescale_BM_USB_Stack_v5.0/Src/output/twrk70f120m.gcc_arm/debug/usbh/bm/usbh.a(khci.o)
 .text._usb_khci_cancel_pipe
                0x00011878      0x2d0 C:/Freescale_BM_USB_Stack_v5.0/Src/output/twrk70f120m.gcc_arm/debug/usbh/bm/usbh.a(khci.o)
                0x00011878                _usb_khci_cancel_pipe
 .text._usb_khci_bus_control
                0x00011b48       0xc8 C:/Freescale_BM_USB_Stack_v5.0/Src/output/twrk70f120m.gcc_arm/debug/usbh/bm/usbh.a(khci.o)
 .text._usb_khci_get_frame_number
                0x00011c10       0x24 C:/Freescale_BM_USB_Stack_v5.0/Src/output/twrk70f120m.gcc_arm/debug/usbh/bm/usbh.a(khci.o)
 .text._usb_khci_process_tr_complete
                0x00011c34       0xdc C:/Freescale_BM_USB_Stack_v5.0/Src/output/twrk70f120m.gcc_arm/debug/usbh/bm/usbh.a(khci.o)
 .text._usb_khci_tr_done
                0x00011d10      0x340 C:/Freescale_BM_USB_Stack_v5.0/Src/output/twrk70f120m.gcc_arm/debug/usbh/bm/usbh.a(khci.o)
 .text._usb_khci_atom_noblocking_tr
                0x00012050      0x390 C:/Freescale_BM_USB_Stack_v5.0/Src/output/twrk70f120m.gcc_arm/debug/usbh/bm/usbh.a(khci.o)
 .text.usb_class_audio_control_init
                0x000123e0       0x8c C:/Freescale_BM_USB_Stack_v5.0/Src/output/twrk70f120m.gcc_arm/debug/usbh/bm/usbh.a(usb_host_audio_intf.o)
                0x000123e0                usb_class_audio_control_init
 .text.usb_class_audio_control_deinit
                0x0001246c       0x6c C:/Freescale_BM_USB_Stack_v5.0/Src/output/twrk70f120m.gcc_arm/debug/usbh/bm/usbh.a(usb_host_audio_intf.o)
                0x0001246c                usb_class_audio_control_deinit
 .text.usb_class_audio_control_pre_deinit
                0x000124d8       0x68 C:/Freescale_BM_USB_Stack_v5.0/Src/output/twrk70f120m.gcc_arm/debug/usbh/bm/usbh.a(usb_host_audio_intf.o)
                0x000124d8                usb_class_audio_control_pre_deinit
 .text.usb_class_audio_stream_init
                0x00012540      0x218 C:/Freescale_BM_USB_Stack_v5.0/Src/output/twrk70f120m.gcc_arm/debug/usbh/bm/usbh.a(usb_host_audio_intf.o)
                0x00012540                usb_class_audio_stream_init
 .text.usb_class_audio_stream_pre_deinit
                0x00012758       0x90 C:/Freescale_BM_USB_Stack_v5.0/Src/output/twrk70f120m.gcc_arm/debug/usbh/bm/usbh.a(usb_host_audio_intf.o)
                0x00012758                usb_class_audio_stream_pre_deinit
 .text.usb_class_audio_stream_deinit
                0x000127e8       0xa0 C:/Freescale_BM_USB_Stack_v5.0/Src/output/twrk70f120m.gcc_arm/debug/usbh/bm/usbh.a(usb_host_audio_intf.o)
                0x000127e8                usb_class_audio_stream_deinit
 .text.usb_class_cdc_acm_init
                0x00012888      0x178 C:/Freescale_BM_USB_Stack_v5.0/Src/output/twrk70f120m.gcc_arm/debug/usbh/bm/usbh.a(usb_host_cdc_intf.o)
                0x00012888                usb_class_cdc_acm_init
 .text.usb_class_cdc_acm_pre_deinit
                0x00012a00       0x68 C:/Freescale_BM_USB_Stack_v5.0/Src/output/twrk70f120m.gcc_arm/debug/usbh/bm/usbh.a(usb_host_cdc_intf.o)
                0x00012a00                usb_class_cdc_acm_pre_deinit
 .text.usb_class_cdc_acm_deinit
                0x00012a68       0x8c C:/Freescale_BM_USB_Stack_v5.0/Src/output/twrk70f120m.gcc_arm/debug/usbh/bm/usbh.a(usb_host_cdc_intf.o)
                0x00012a68                usb_class_cdc_acm_deinit
 .text.usb_class_cdc_data_init
                0x00012af4      0x268 C:/Freescale_BM_USB_Stack_v5.0/Src/output/twrk70f120m.gcc_arm/debug/usbh/bm/usbh.a(usb_host_cdc_intf.o)
                0x00012af4                usb_class_cdc_data_init
 .text.usb_class_cdc_data_pre_deinit
                0x00012d5c       0x98 C:/Freescale_BM_USB_Stack_v5.0/Src/output/twrk70f120m.gcc_arm/debug/usbh/bm/usbh.a(usb_host_cdc_intf.o)
                0x00012d5c                usb_class_cdc_data_pre_deinit
 .text.usb_class_cdc_data_deinit
                0x00012df4       0xd0 C:/Freescale_BM_USB_Stack_v5.0/Src/output/twrk70f120m.gcc_arm/debug/usbh/bm/usbh.a(usb_host_cdc_intf.o)
                0x00012df4                usb_class_cdc_data_deinit
 .text.usb_class_hub_init
                0x00012ec4      0x1bc C:/Freescale_BM_USB_Stack_v5.0/Src/output/twrk70f120m.gcc_arm/debug/usbh/bm/usbh.a(usb_host_hub.o)
                0x00012ec4                usb_class_hub_init
 .text.usb_class_hub_deinit
                0x00013080       0x6c C:/Freescale_BM_USB_Stack_v5.0/Src/output/twrk70f120m.gcc_arm/debug/usbh/bm/usbh.a(usb_host_hub.o)
                0x00013080                usb_class_hub_deinit
 .text.usb_class_hub_pre_deinit
                0x000130ec       0x68 C:/Freescale_BM_USB_Stack_v5.0/Src/output/twrk70f120m.gcc_arm/debug/usbh/bm/usbh.a(usb_host_hub.o)
                0x000130ec                usb_class_hub_pre_deinit
 .text.usb_class_hub_cntrl_callback
                0x00013154       0x60 C:/Freescale_BM_USB_Stack_v5.0/Src/output/twrk70f120m.gcc_arm/debug/usbh/bm/usbh.a(usb_host_hub.o)
                0x00013154                usb_class_hub_cntrl_callback
 .text.usb_class_hub_cntrl_common
                0x000131b4      0x128 C:/Freescale_BM_USB_Stack_v5.0/Src/output/twrk70f120m.gcc_arm/debug/usbh/bm/usbh.a(usb_host_hub.o)
                0x000131b4                usb_class_hub_cntrl_common
 .text.usb_class_hub_get_descriptor
                0x000132dc       0x3c C:/Freescale_BM_USB_Stack_v5.0/Src/output/twrk70f120m.gcc_arm/debug/usbh/bm/usbh.a(usb_host_hub.o)
                0x000132dc                usb_class_hub_get_descriptor
 .text.usb_class_hub_set_port_feature
                0x00013318       0x40 C:/Freescale_BM_USB_Stack_v5.0/Src/output/twrk70f120m.gcc_arm/debug/usbh/bm/usbh.a(usb_host_hub.o)
                0x00013318                usb_class_hub_set_port_feature
 .text.usb_class_hub_clear_port_feature
                0x00013358       0x40 C:/Freescale_BM_USB_Stack_v5.0/Src/output/twrk70f120m.gcc_arm/debug/usbh/bm/usbh.a(usb_host_hub.o)
                0x00013358                usb_class_hub_clear_port_feature
 .text.usb_class_hub_get_status
                0x00013398       0x3c C:/Freescale_BM_USB_Stack_v5.0/Src/output/twrk70f120m.gcc_arm/debug/usbh/bm/usbh.a(usb_host_hub.o)
                0x00013398                usb_class_hub_get_status
 .text.usb_class_hub_get_port_status
                0x000133d4       0x40 C:/Freescale_BM_USB_Stack_v5.0/Src/output/twrk70f120m.gcc_arm/debug/usbh/bm/usbh.a(usb_host_hub.o)
                0x000133d4                usb_class_hub_get_port_status
 .text.usb_class_hub_recv_bitmap
                0x00013414      0x108 C:/Freescale_BM_USB_Stack_v5.0/Src/output/twrk70f120m.gcc_arm/debug/usbh/bm/usbh.a(usb_host_hub.o)
                0x00013414                usb_class_hub_recv_bitmap
 .text.usb_class_hub_int_callback
                0x0001351c       0x60 C:/Freescale_BM_USB_Stack_v5.0/Src/output/twrk70f120m.gcc_arm/debug/usbh/bm/usbh.a(usb_host_hub.o)
                0x0001351c                usb_class_hub_int_callback
 .text.usb_class_mass_init
                0x0001357c      0x258 C:/Freescale_BM_USB_Stack_v5.0/Src/output/twrk70f120m.gcc_arm/debug/usbh/bm/usbh.a(usb_host_msd_bo.o)
                0x0001357c                usb_class_mass_init
 .text.usb_class_mass_deinit
                0x000137d4       0xa8 C:/Freescale_BM_USB_Stack_v5.0/Src/output/twrk70f120m.gcc_arm/debug/usbh/bm/usbh.a(usb_host_msd_bo.o)
                0x000137d4                usb_class_mass_deinit
 .text.usb_class_mass_pre_deinit
                0x0001387c       0x98 C:/Freescale_BM_USB_Stack_v5.0/Src/output/twrk70f120m.gcc_arm/debug/usbh/bm/usbh.a(usb_host_msd_bo.o)
                0x0001387c                usb_class_mass_pre_deinit
 .text.usb_class_mass_q_init
                0x00013914       0x5c C:/Freescale_BM_USB_Stack_v5.0/Src/output/twrk70f120m.gcc_arm/debug/usbh/bm/usbh.a(usb_host_msd_queue.o)
                0x00013914                usb_class_mass_q_init
 .text.usb_class_phdc_init